[rx-pingpong] uri_rx=ip:192.168.3.1 rate=4.0Msps rx_gain=+60.0dB rx_samples=100000 stream_chunk=2048 budget=25000us running for 0.0s ...
  [decoded] #1 crc_valid=True bytes_match_expected=True evm=0.45078 rssi_db=25.1 first16=000102030405060708090a0b0c0d0e0f
  [decoded] #2 crc_valid=True bytes_match_expected=True evm=0.44253 rssi_db=18.6 first16=000102030405060708090a0b0c0d0e0f
  [decoded] #3 crc_valid=True bytes_match_expected=True evm=1.00049 rssi_db=24.9 first16=000102030405060708090a0b0c0d0e0f
  [decoded] #4 crc_valid=True bytes_match_expected=True evm=0.53991 rssi_db=22.6 first16=000102030405060708090a0b0c0d0e0f
  [decoded] #5 crc_valid=True bytes_match_expected=True evm=0.42847 rssi_db=18.8 first16=000102030405060708090a0b0c0d0e0f
  [decoded] #6 crc_valid=True bytes_match_expected=True evm=0.43039 rssi_db=19.1 first16=000102030405060708090a0b0c0d0e0f
  [decoded] #7 crc_valid=True bytes_match_expected=True evm=0.86819 rssi_db=27.2 first16=000102030405060708090a0b0c0d0e0f
  [decoded] #8 crc_valid=True bytes_match_expected=True evm=0.58566 rssi_db=20.6 first16=000102030405060708090a0b0c0d0e0f
  [decoded] #9 crc_valid=True bytes_match_expected=True evm=0.50188 rssi_db=19.4 first16=000102030405060708090a0b0c0d0e0f
  [decoded] #10 crc_valid=True bytes_match_expected=True evm=0.58714 rssi_db=25.3 first16=000102030405060708090a0b0c0d0e0f
  [decoded] #11 crc_valid=True bytes_match_expected=True evm=0.48888 rssi_db=21.5 first16=000102030405060708090a0b0c0d0e0f
  [decoded] #12 crc_valid=True bytes_match_expected=True evm=0.47472 rssi_db=19.6 first16=000102030405060708090a0b0c0d0e0f
  [decoded] #13 crc_valid=True bytes_match_expected=True evm=0.84404 rssi_db=22.7 first16=000102030405060708090a0b0c0d0e0f
  [decoded] #14 crc_valid=True bytes_match_expected=True evm=0.54801 rssi_db=25.6 first16=000102030405060708090a0b0c0d0e0f
  [decoded] #15 crc_valid=True bytes_match_expected=True evm=0.54908 rssi_db=20.8 first16=000102030405060708090a0b0c0d0e0f
  [decoded] #16 crc_valid=True bytes_match_expected=True evm=0.43381 rssi_db=22.5 first16=000102030405060708090a0b0c0d0e0f
  [decoded] #17 crc_valid=True bytes_match_expected=True evm=0.51973 rssi_db=19.6 first16=000102030405060708090a0b0c0d0e0f
  [decoded] #18 crc_valid=True bytes_match_expected=True evm=0.42429 rssi_db=19.1 first16=000102030405060708090a0b0c0d0e0f
  [decoded] #19 crc_valid=True bytes_match_expected=True evm=0.97282 rssi_db=26.0 first16=000102030405060708090a0b0c0d0e0f
  [decoded] #20 crc_valid=False bytes_match_expected=True evm=0.56384 rssi_db=37.6 first16=000102030405060708090a0b0c0d0e0f
  [decoded] #21 crc_valid=True bytes_match_expected=True evm=0.45653 rssi_db=21.2 first16=000102030405060708090a0b0c0d0e0f
  [decoded] #22 crc_valid=True bytes_match_expected=True evm=0.51868 rssi_db=19.3 first16=000102030405060708090a0b0c0d0e0f
  [decoded] #23 crc_valid=True bytes_match_expected=True evm=0.58524 rssi_db=19.8 first16=000102030405060708090a0b0c0d0e0f
  [decoded] #24 crc_valid=True bytes_match_expected=True evm=0.87337 rssi_db=19.2 first16=000102030405060708090a0b0c0d0e0f
  [decoded] #25 crc_valid=True bytes_match_expected=True evm=0.57001 rssi_db=20.9 first16=000102030405060708090a0b0c0d0e0f
  [decoded] #26 crc_valid=True bytes_match_expected=True evm=0.48066 rssi_db=19.3 first16=000102030405060708090a0b0c0d0e0f
  [decoded] #27 crc_valid=True bytes_match_expected=True evm=0.50433 rssi_db=27.2 first16=000102030405060708090a0b0c0d0e0f
  [decoded] #28 crc_valid=True bytes_match_expected=True evm=0.59423 rssi_db=27.5 first16=000102030405060708090a0b0c0d0e0f
  [decoded] #29 crc_valid=False bytes_match_expected=False evm=1.22289 rssi_db=27.6 first16=000102031bc95bb108090a0b0c0d0e43
  [decoded] #30 crc_valid=True bytes_match_expected=True evm=0.50118 rssi_db=26.5 first16=000102030405060708090a0b0c0d0e0f
  [decoded] #31 crc_valid=True bytes_match_expected=True evm=0.45972 rssi_db=19.6 first16=000102030405060708090a0b0c0d0e0f
  [decoded] #32 crc_valid=True bytes_match_expected=True evm=0.45296 rssi_db=18.7 first16=000102030405060708090a0b0c0d0e0f
  [decoded] #33 crc_valid=True bytes_match_expected=True evm=0.48371 rssi_db=19.2 first16=000102030405060708090a0b0c0d0e0f
  [decoded] #34 crc_valid=True bytes_match_expected=True evm=0.53504 rssi_db=25.4 first16=000102030405060708090a0b0c0d0e0f
  [decoded] #35 crc_valid=True bytes_match_expected=True evm=0.56569 rssi_db=32.0 first16=000102030405060708090a0b0c0d0e0f
  [decoded] #36 crc_valid=True bytes_match_expected=True evm=0.70277 rssi_db=20.3 first16=000102030405060708090a0b0c0d0e0f
  [decoded] #37 crc_valid=True bytes_match_expected=True evm=0.51423 rssi_db=19.2 first16=000102030405060708090a0b0c0d0e0f
  [decoded] #38 crc_valid=True bytes_match_expected=True evm=0.45379 rssi_db=20.7 first16=000102030405060708090a0b0c0d0e0f
  [decoded] #39 crc_valid=True bytes_match_expected=True evm=0.45812 rssi_db=21.1 first16=000102030405060708090a0b0c0d0e0f
  [decoded] #40 crc_valid=True bytes_match_expected=True evm=0.51027 rssi_db=20.4 first16=000102030405060708090a0b0c0d0e0f
  [decoded] #41 crc_valid=True bytes_match_expected=True evm=0.55431 rssi_db=19.6 first16=000102030405060708090a0b0c0d0e0f
  [decoded] #42 crc_valid=True bytes_match_expected=True evm=0.52027 rssi_db=20.1 first16=000102030405060708090a0b0c0d0e0f
  [decoded] #43 crc_valid=True bytes_match_expected=True evm=0.52566 rssi_db=19.6 first16=000102030405060708090a0b0c0d0e0f
  [decoded] #44 crc_valid=True bytes_match_expected=True evm=0.59452 rssi_db=19.1 first16=000102030405060708090a0b0c0d0e0f
  [decoded] #45 crc_valid=True bytes_match_expected=True evm=0.47612 rssi_db=19.0 first16=000102030405060708090a0b0c0d0e0f
  [decoded] #46 crc_valid=True bytes_match_expected=True evm=0.65521 rssi_db=20.8 first16=000102030405060708090a0b0c0d0e0f
  [decoded] #47 crc_valid=True bytes_match_expected=True evm=0.51863 rssi_db=19.3 first16=000102030405060708090a0b0c0d0e0f
  [decoded] #48 crc_valid=True bytes_match_expected=True evm=0.61504 rssi_db=20.9 first16=000102030405060708090a0b0c0d0e0f
  [decoded] #49 crc_valid=True bytes_match_expected=True evm=0.54264 rssi_db=19.7 first16=000102030405060708090a0b0c0d0e0f
  [decoded] #50 crc_valid=True bytes_match_expected=True evm=0.54782 rssi_db=20.2 first16=000102030405060708090a0b0c0d0e0f
  [decoded] #51 crc_valid=True bytes_match_expected=True evm=0.61414 rssi_db=19.5 first16=000102030405060708090a0b0c0d0e0f
  [decoded] #52 crc_valid=True bytes_match_expected=True evm=0.48934 rssi_db=19.0 first16=000102030405060708090a0b0c0d0e0f
  [decoded] #53 crc_valid=True bytes_match_expected=True evm=0.90771 rssi_db=19.0 first16=000102030405060708090a0b0c0d0e0f
  [decoded] #54 crc_valid=True bytes_match_expected=True evm=0.62354 rssi_db=27.5 first16=000102030405060708090a0b0c0d0e0f
  [decoded] #55 crc_valid=True bytes_match_expected=True evm=0.54108 rssi_db=21.6 first16=000102030405060708090a0b0c0d0e0f
  [decoded] #56 crc_valid=True bytes_match_expected=True evm=0.59224 rssi_db=19.9 first16=000102030405060708090a0b0c0d0e0f
  [decoded] #57 crc_valid=True bytes_match_expected=True evm=0.55260 rssi_db=19.2 first16=000102030405060708090a0b0c0d0e0f
  [decoded] #58 crc_valid=True bytes_match_expected=True evm=0.46174 rssi_db=25.8 first16=000102030405060708090a0b0c0d0e0f
  [decoded] #59 crc_valid=True bytes_match_expected=True evm=0.53269 rssi_db=19.2 first16=000102030405060708090a0b0c0d0e0f
  [decoded] #60 crc_valid=True bytes_match_expected=True evm=0.57479 rssi_db=19.2 first16=000102030405060708090a0b0c0d0e0f
  [decoded] #61 crc_valid=True bytes_match_expected=True evm=0.56298 rssi_db=35.8 first16=000102030405060708090a0b0c0d0e0f
  [decoded] #62 crc_valid=True bytes_match_expected=True evm=0.42937 rssi_db=19.4 first16=000102030405060708090a0b0c0d0e0f
  [decoded] #63 crc_valid=True bytes_match_expected=True evm=0.42130 rssi_db=19.8 first16=000102030405060708090a0b0c0d0e0f
  [decoded] #64 crc_valid=True bytes_match_expected=True evm=0.37270 rssi_db=19.1 first16=000102030405060708090a0b0c0d0e0f
  [decoded] #65 crc_valid=True bytes_match_expected=True evm=0.56374 rssi_db=24.7 first16=000102030405060708090a0b0c0d0e0f
  [decoded] #66 crc_valid=True bytes_match_expected=True evm=0.46380 rssi_db=19.8 first16=000102030405060708090a0b0c0d0e0f
  [decoded] #67 crc_valid=True bytes_match_expected=True evm=0.73502 rssi_db=34.7 first16=000102030405060708090a0b0c0d0e0f
  [decoded] #68 crc_valid=True bytes_match_expected=True evm=0.51725 rssi_db=19.3 first16=000102030405060708090a0b0c0d0e0f
  [decoded] #69 crc_valid=True bytes_match_expected=True evm=0.48459 rssi_db=18.9 first16=000102030405060708090a0b0c0d0e0f
  [decoded] #70 crc_valid=True bytes_match_expected=True evm=0.62630 rssi_db=20.8 first16=000102030405060708090a0b0c0d0e0f
  [decoded] #71 crc_valid=True bytes_match_expected=True evm=0.41370 rssi_db=18.2 first16=000102030405060708090a0b0c0d0e0f
  [decoded] #72 crc_valid=True bytes_match_expected=True evm=0.45347 rssi_db=19.1 first16=000102030405060708090a0b0c0d0e0f
  [decoded] #73 crc_valid=True bytes_match_expected=True evm=0.42111 rssi_db=20.1 first16=000102030405060708090a0b0c0d0e0f
  [decoded] #74 crc_valid=True bytes_match_expected=True evm=0.56106 rssi_db=20.4 first16=000102030405060708090a0b0c0d0e0f
  [decoded] #75 crc_valid=True bytes_match_expected=True evm=0.43080 rssi_db=19.6 first16=000102030405060708090a0b0c0d0e0f
  [decoded] #76 crc_valid=True bytes_match_expected=True evm=0.53923 rssi_db=31.5 first16=000102030405060708090a0b0c0d0e0f
  [decoded] #77 crc_valid=True bytes_match_expected=True evm=0.44716 rssi_db=37.2 first16=000102030405060708090a0b0c0d0e0f
  [decoded] #78 crc_valid=True bytes_match_expected=True evm=0.42592 rssi_db=19.3 first16=000102030405060708090a0b0c0d0e0f
  [decoded] #79 crc_valid=True bytes_match_expected=True evm=0.43314 rssi_db=20.1 first16=000102030405060708090a0b0c0d0e0f
  [decoded] #80 crc_valid=True bytes_match_expected=True evm=0.44225 rssi_db=19.2 first16=000102030405060708090a0b0c0d0e0f
  [decoded] #81 crc_valid=True bytes_match_expected=True evm=0.53773 rssi_db=19.1 first16=000102030405060708090a0b0c0d0e0f
  [decoded] #82 crc_valid=True bytes_match_expected=True evm=0.45520 rssi_db=26.3 first16=000102030405060708090a0b0c0d0e0f
  [decoded] #83 crc_valid=True bytes_match_expected=True evm=0.55298 rssi_db=19.8 first16=000102030405060708090a0b0c0d0e0f
  [decoded] #84 crc_valid=True bytes_match_expected=True evm=0.51491 rssi_db=19.2 first16=000102030405060708090a0b0c0d0e0f
  [decoded] #85 crc_valid=True bytes_match_expected=True evm=0.50266 rssi_db=20.4 first16=000102030405060708090a0b0c0d0e0f
  [decoded] #86 crc_valid=True bytes_match_expected=True evm=0.45629 rssi_db=19.1 first16=000102030405060708090a0b0c0d0e0f
  [decoded] #87 crc_valid=False bytes_match_expected=True evm=0.50923 rssi_db=19.1 first16=000102030405060708090a0b0c0d0e0f
  [decoded] #88 crc_valid=True bytes_match_expected=True evm=0.54029 rssi_db=18.7 first16=000102030405060708090a0b0c0d0e0f
  [decoded] #89 crc_valid=True bytes_match_expected=True evm=0.58187 rssi_db=26.6 first16=000102030405060708090a0b0c0d0e0f
  [decoded] #90 crc_valid=True bytes_match_expected=True evm=0.53168 rssi_db=19.3 first16=000102030405060708090a0b0c0d0e0f
  [decoded] #91 crc_valid=True bytes_match_expected=True evm=0.44220 rssi_db=19.1 first16=000102030405060708090a0b0c0d0e0f
  [decoded] #92 crc_valid=True bytes_match_expected=True evm=0.53118 rssi_db=19.0 first16=000102030405060708090a0b0c0d0e0f
  [decoded] #93 crc_valid=True bytes_match_expected=True evm=0.62782 rssi_db=26.0 first16=000102030405060708090a0b0c0d0e0f
  [decoded] #94 crc_valid=True bytes_match_expected=True evm=0.48897 rssi_db=18.9 first16=000102030405060708090a0b0c0d0e0f
  [decoded] #95 crc_valid=True bytes_match_expected=True evm=0.50919 rssi_db=19.4 first16=000102030405060708090a0b0c0d0e0f
  [decoded] #96 crc_valid=True bytes_match_expected=True evm=0.50543 rssi_db=19.7 first16=000102030405060708090a0b0c0d0e0f
  [decoded] #97 crc_valid=True bytes_match_expected=True evm=1.50393 rssi_db=18.4 first16=000102030405060708090a0b0c0d0e0f
  [decoded] #98 crc_valid=True bytes_match_expected=True evm=0.46148 rssi_db=25.5 first16=000102030405060708090a0b0c0d0e0f
  [decoded] #99 crc_valid=True bytes_match_expected=True evm=1.52764 rssi_db=24.6 first16=000102030405060708090a0b0c0d0e0f
  [decoded] #100 crc_valid=True bytes_match_expected=True evm=0.47467 rssi_db=19.7 first16=000102030405060708090a0b0c0d0e0f
  [decoded] #101 crc_valid=True bytes_match_expected=True evm=0.45636 rssi_db=19.6 first16=000102030405060708090a0b0c0d0e0f
  [decoded] #102 crc_valid=True bytes_match_expected=True evm=0.55090 rssi_db=20.0 first16=000102030405060708090a0b0c0d0e0f
  [decoded] #103 crc_valid=True bytes_match_expected=True evm=0.45053 rssi_db=19.5 first16=000102030405060708090a0b0c0d0e0f
  [decoded] #104 crc_valid=True bytes_match_expected=True evm=0.84474 rssi_db=20.9 first16=000102030405060708090a0b0c0d0e0f
  [decoded] #105 crc_valid=True bytes_match_expected=True evm=0.56726 rssi_db=19.5 first16=000102030405060708090a0b0c0d0e0f
  [decoded] #106 crc_valid=True bytes_match_expected=True evm=1.05070 rssi_db=18.6 first16=000102030405060708090a0b0c0d0e0f
  [decoded] #107 crc_valid=True bytes_match_expected=True evm=0.55644 rssi_db=20.6 first16=000102030405060708090a0b0c0d0e0f
  [decoded] #108 crc_valid=True bytes_match_expected=True evm=0.45245 rssi_db=19.8 first16=000102030405060708090a0b0c0d0e0f
  [decoded] #109 crc_valid=True bytes_match_expected=True evm=0.46448 rssi_db=23.5 first16=000102030405060708090a0b0c0d0e0f
  [decoded] #110 crc_valid=True bytes_match_expected=True evm=0.57693 rssi_db=18.8 first16=000102030405060708090a0b0c0d0e0f
  [decoded] #111 crc_valid=True bytes_match_expected=True evm=0.41253 rssi_db=19.0 first16=000102030405060708090a0b0c0d0e0f
  [decoded] #112 crc_valid=True bytes_match_expected=True evm=0.44842 rssi_db=24.9 first16=000102030405060708090a0b0c0d0e0f
  [decoded] #113 crc_valid=True bytes_match_expected=True evm=0.36768 rssi_db=25.9 first16=000102030405060708090a0b0c0d0e0f
  [decoded] #114 crc_valid=True bytes_match_expected=True evm=0.48163 rssi_db=19.2 first16=000102030405060708090a0b0c0d0e0f
  [decoded] #115 crc_valid=True bytes_match_expected=True evm=0.49491 rssi_db=19.1 first16=000102030405060708090a0b0c0d0e0f
  [decoded] #116 crc_valid=True bytes_match_expected=True evm=0.55921 rssi_db=19.1 first16=000102030405060708090a0b0c0d0e0f
  [decoded] #117 crc_valid=True bytes_match_expected=True evm=0.46668 rssi_db=19.5 first16=000102030405060708090a0b0c0d0e0f
  [decoded] #118 crc_valid=True bytes_match_expected=True evm=0.41158 rssi_db=20.0 first16=000102030405060708090a0b0c0d0e0f
  [decoded] #119 crc_valid=True bytes_match_expected=True evm=0.42660 rssi_db=18.9 first16=000102030405060708090a0b0c0d0e0f
  [decoded] #120 crc_valid=True bytes_match_expected=True evm=0.51834 rssi_db=19.6 first16=000102030405060708090a0b0c0d0e0f
  [decoded] #121 crc_valid=True bytes_match_expected=True evm=0.54553 rssi_db=20.1 first16=000102030405060708090a0b0c0d0e0f
  [decoded] #122 crc_valid=True bytes_match_expected=True evm=0.49222 rssi_db=19.7 first16=000102030405060708090a0b0c0d0e0f
  [decoded] #123 crc_valid=True bytes_match_expected=True evm=0.49927 rssi_db=18.5 first16=000102030405060708090a0b0c0d0e0f
  [decoded] #124 crc_valid=True bytes_match_expected=True evm=0.56424 rssi_db=25.4 first16=000102030405060708090a0b0c0d0e0f
  [decoded] #125 crc_valid=True bytes_match_expected=True evm=0.43921 rssi_db=19.4 first16=000102030405060708090a0b0c0d0e0f
  [decoded] #126 crc_valid=True bytes_match_expected=True evm=0.57536 rssi_db=25.8 first16=000102030405060708090a0b0c0d0e0f
  [decoded] #127 crc_valid=True bytes_match_expected=True evm=0.54939 rssi_db=19.7 first16=000102030405060708090a0b0c0d0e0f
  [decoded] #128 crc_valid=True bytes_match_expected=True evm=0.51418 rssi_db=19.9 first16=000102030405060708090a0b0c0d0e0f
  [decoded] #129 crc_valid=True bytes_match_expected=True evm=0.52507 rssi_db=21.0 first16=000102030405060708090a0b0c0d0e0f
  [decoded] #130 crc_valid=True bytes_match_expected=True evm=0.64039 rssi_db=21.3 first16=000102030405060708090a0b0c0d0e0f
  [decoded] #131 crc_valid=True bytes_match_expected=True evm=0.43201 rssi_db=21.8 first16=000102030405060708090a0b0c0d0e0f
  [decoded] #132 crc_valid=True bytes_match_expected=True evm=0.41397 rssi_db=18.7 first16=000102030405060708090a0b0c0d0e0f
  [decoded] #133 crc_valid=True bytes_match_expected=True evm=0.95047 rssi_db=25.7 first16=000102030405060708090a0b0c0d0e0f
  [decoded] #134 crc_valid=True bytes_match_expected=True evm=0.49180 rssi_db=20.5 first16=000102030405060708090a0b0c0d0e0f
  [decoded] #135 crc_valid=True bytes_match_expected=True evm=0.51971 rssi_db=19.6 first16=000102030405060708090a0b0c0d0e0f
  [decoded] #136 crc_valid=True bytes_match_expected=True evm=0.63053 rssi_db=22.7 first16=000102030405060708090a0b0c0d0e0f
  [decoded] #137 crc_valid=True bytes_match_expected=True evm=0.58151 rssi_db=18.7 first16=000102030405060708090a0b0c0d0e0f
  [decoded] #138 crc_valid=True bytes_match_expected=True evm=0.45833 rssi_db=19.0 first16=000102030405060708090a0b0c0d0e0f
  [decoded] #139 crc_valid=True bytes_match_expected=True evm=0.54308 rssi_db=19.3 first16=000102030405060708090a0b0c0d0e0f
  [decoded] #140 crc_valid=True bytes_match_expected=True evm=0.43744 rssi_db=19.4 first16=000102030405060708090a0b0c0d0e0f
  [decoded] #141 crc_valid=True bytes_match_expected=True evm=0.55096 rssi_db=19.5 first16=000102030405060708090a0b0c0d0e0f
  [decoded] #142 crc_valid=True bytes_match_expected=True evm=0.66453 rssi_db=27.6 first16=000102030405060708090a0b0c0d0e0f
  [decoded] #143 crc_valid=True bytes_match_expected=True evm=0.57855 rssi_db=18.7 first16=000102030405060708090a0b0c0d0e0f
  [decoded] #144 crc_valid=True bytes_match_expected=True evm=0.54821 rssi_db=20.7 first16=000102030405060708090a0b0c0d0e0f
  [decoded] #145 crc_valid=True bytes_match_expected=True evm=0.52577 rssi_db=59.1 first16=000102030405060708090a0b0c0d0e0f
  [decoded] #146 crc_valid=True bytes_match_expected=True evm=0.49842 rssi_db=19.0 first16=000102030405060708090a0b0c0d0e0f
  [decoded] #147 crc_valid=True bytes_match_expected=True evm=0.56466 rssi_db=22.2 first16=000102030405060708090a0b0c0d0e0f
  [decoded] #148 crc_valid=True bytes_match_expected=True evm=0.41644 rssi_db=19.6 first16=000102030405060708090a0b0c0d0e0f
  [decoded] #149 crc_valid=True bytes_match_expected=True evm=0.42233 rssi_db=22.2 first16=000102030405060708090a0b0c0d0e0f
  [decoded] #150 crc_valid=True bytes_match_expected=True evm=0.82212 rssi_db=24.4 first16=000102030405060708090a0b0c0d0e0f
  [decoded] #151 crc_valid=True bytes_match_expected=True evm=0.43181 rssi_db=20.0 first16=000102030405060708090a0b0c0d0e0f
  [decoded] #152 crc_valid=True bytes_match_expected=True evm=0.42681 rssi_db=27.7 first16=000102030405060708090a0b0c0d0e0f
  [decoded] #153 crc_valid=True bytes_match_expected=True evm=0.42557 rssi_db=26.6 first16=000102030405060708090a0b0c0d0e0f
  [decoded] #154 crc_valid=True bytes_match_expected=True evm=0.41388 rssi_db=19.4 first16=000102030405060708090a0b0c0d0e0f
  [decoded] #155 crc_valid=True bytes_match_expected=True evm=0.40808 rssi_db=38.5 first16=000102030405060708090a0b0c0d0e0f
  [decoded] #156 crc_valid=True bytes_match_expected=True evm=0.52034 rssi_db=18.9 first16=000102030405060708090a0b0c0d0e0f
  [decoded] #157 crc_valid=True bytes_match_expected=True evm=0.71558 rssi_db=22.7 first16=000102030405060708090a0b0c0d0e0f
  [decoded] #158 crc_valid=True bytes_match_expected=True evm=0.38665 rssi_db=18.8 first16=000102030405060708090a0b0c0d0e0f
  [decoded] #159 crc_valid=True bytes_match_expected=True evm=0.40824 rssi_db=19.6 first16=000102030405060708090a0b0c0d0e0f
  [decoded] #160 crc_valid=True bytes_match_expected=True evm=0.46984 rssi_db=24.7 first16=000102030405060708090a0b0c0d0e0f
  [decoded] #161 crc_valid=True bytes_match_expected=True evm=0.42553 rssi_db=36.6 first16=000102030405060708090a0b0c0d0e0f
  [decoded] #162 crc_valid=True bytes_match_expected=True evm=0.54678 rssi_db=20.2 first16=000102030405060708090a0b0c0d0e0f
  [decoded] #163 crc_valid=True bytes_match_expected=True evm=0.53616 rssi_db=19.8 first16=000102030405060708090a0b0c0d0e0f
  [decoded] #164 crc_valid=True bytes_match_expected=True evm=0.53035 rssi_db=19.0 first16=000102030405060708090a0b0c0d0e0f
  [decoded] #165 crc_valid=True bytes_match_expected=True evm=0.48259 rssi_db=19.8 first16=000102030405060708090a0b0c0d0e0f
  [decoded] #166 crc_valid=True bytes_match_expected=True evm=0.49553 rssi_db=20.9 first16=000102030405060708090a0b0c0d0e0f
  [decoded] #167 crc_valid=True bytes_match_expected=True evm=0.57475 rssi_db=19.4 first16=000102030405060708090a0b0c0d0e0f
  [decoded] #168 crc_valid=True bytes_match_expected=True evm=0.47695 rssi_db=19.4 first16=000102030405060708090a0b0c0d0e0f
  [decoded] #169 crc_valid=True bytes_match_expected=True evm=0.46401 rssi_db=22.9 first16=000102030405060708090a0b0c0d0e0f
  [decoded] #170 crc_valid=True bytes_match_expected=True evm=0.39061 rssi_db=18.9 first16=000102030405060708090a0b0c0d0e0f
  [decoded] #171 crc_valid=True bytes_match_expected=True evm=0.48055 rssi_db=25.2 first16=000102030405060708090a0b0c0d0e0f
  [decoded] #172 crc_valid=True bytes_match_expected=True evm=0.49805 rssi_db=25.8 first16=000102030405060708090a0b0c0d0e0f
  [decoded] #173 crc_valid=True bytes_match_expected=True evm=0.41874 rssi_db=19.6 first16=000102030405060708090a0b0c0d0e0f
  [decoded] #174 crc_valid=True bytes_match_expected=True evm=0.61697 rssi_db=26.0 first16=000102030405060708090a0b0c0d0e0f
  [decoded] #175 crc_valid=True bytes_match_expected=True evm=0.44993 rssi_db=24.8 first16=000102030405060708090a0b0c0d0e0f
  [decoded] #176 crc_valid=True bytes_match_expected=True evm=0.56058 rssi_db=20.2 first16=000102030405060708090a0b0c0d0e0f
  [decoded] #177 crc_valid=True bytes_match_expected=True evm=0.45659 rssi_db=23.0 first16=000102030405060708090a0b0c0d0e0f
  [decoded] #178 crc_valid=True bytes_match_expected=True evm=0.48236 rssi_db=20.1 first16=000102030405060708090a0b0c0d0e0f
  [decoded] #179 crc_valid=True bytes_match_expected=True evm=0.48592 rssi_db=18.6 first16=000102030405060708090a0b0c0d0e0f
  [decoded] #180 crc_valid=True bytes_match_expected=True evm=0.46151 rssi_db=18.8 first16=000102030405060708090a0b0c0d0e0f
  [decoded] #181 crc_valid=True bytes_match_expected=True evm=0.46246 rssi_db=18.7 first16=000102030405060708090a0b0c0d0e0f
  [decoded] #182 crc_valid=True bytes_match_expected=True evm=0.56218 rssi_db=26.2 first16=000102030405060708090a0b0c0d0e0f
  [decoded] #183 crc_valid=True bytes_match_expected=True evm=0.44271 rssi_db=19.5 first16=000102030405060708090a0b0c0d0e0f
  [decoded] #184 crc_valid=True bytes_match_expected=True evm=0.51815 rssi_db=18.7 first16=000102030405060708090a0b0c0d0e0f
  [decoded] #185 crc_valid=True bytes_match_expected=True evm=0.44635 rssi_db=18.8 first16=000102030405060708090a0b0c0d0e0f
  [decoded] #186 crc_valid=True bytes_match_expected=True evm=0.58889 rssi_db=21.8 first16=000102030405060708090a0b0c0d0e0f
  [decoded] #187 crc_valid=True bytes_match_expected=True evm=0.51135 rssi_db=23.4 first16=000102030405060708090a0b0c0d0e0f
  [decoded] #188 crc_valid=True bytes_match_expected=True evm=0.39258 rssi_db=20.9 first16=000102030405060708090a0b0c0d0e0f
  [decoded] #189 crc_valid=True bytes_match_expected=True evm=0.50187 rssi_db=20.6 first16=000102030405060708090a0b0c0d0e0f
  [decoded] #190 crc_valid=True bytes_match_expected=True evm=0.50662 rssi_db=26.4 first16=000102030405060708090a0b0c0d0e0f
  [decoded] #191 crc_valid=True bytes_match_expected=True evm=0.54468 rssi_db=19.9 first16=000102030405060708090a0b0c0d0e0f
  [decoded] #192 crc_valid=True bytes_match_expected=True evm=0.71900 rssi_db=25.8 first16=000102030405060708090a0b0c0d0e0f
  [decoded] #193 crc_valid=True bytes_match_expected=True evm=0.43209 rssi_db=38.2 first16=000102030405060708090a0b0c0d0e0f
  [decoded] #194 crc_valid=True bytes_match_expected=True evm=0.47829 rssi_db=18.9 first16=000102030405060708090a0b0c0d0e0f
  [decoded] #195 crc_valid=True bytes_match_expected=True evm=0.57761 rssi_db=20.8 first16=000102030405060708090a0b0c0d0e0f
  [decoded] #196 crc_valid=True bytes_match_expected=True evm=0.47592 rssi_db=19.1 first16=000102030405060708090a0b0c0d0e0f
  [decoded] #197 crc_valid=True bytes_match_expected=True evm=0.62922 rssi_db=22.0 first16=000102030405060708090a0b0c0d0e0f
  [decoded] #198 crc_valid=True bytes_match_expected=True evm=0.55107 rssi_db=20.9 first16=000102030405060708090a0b0c0d0e0f
  [decoded] #199 crc_valid=True bytes_match_expected=True evm=0.46226 rssi_db=18.8 first16=000102030405060708090a0b0c0d0e0f
  [decoded] #200 crc_valid=True bytes_match_expected=True evm=1.20170 rssi_db=23.6 first16=000102030405060708090a0b0c0d0e0f
  [decoded] #201 crc_valid=True bytes_match_expected=True evm=0.48030 rssi_db=19.6 first16=000102030405060708090a0b0c0d0e0f
  [decoded] #202 crc_valid=True bytes_match_expected=True evm=0.51559 rssi_db=26.6 first16=000102030405060708090a0b0c0d0e0f
  [decoded] #203 crc_valid=True bytes_match_expected=True evm=0.54045 rssi_db=18.8 first16=000102030405060708090a0b0c0d0e0f
  [decoded] #204 crc_valid=True bytes_match_expected=True evm=2.08840 rssi_db=19.0 first16=000102030405060708090a0b0c0d0e0f
  [decoded] #205 crc_valid=True bytes_match_expected=True evm=0.57664 rssi_db=24.2 first16=000102030405060708090a0b0c0d0e0f
  [decoded] #206 crc_valid=True bytes_match_expected=True evm=0.53415 rssi_db=20.7 first16=000102030405060708090a0b0c0d0e0f
  [decoded] #207 crc_valid=True bytes_match_expected=True evm=0.57766 rssi_db=20.2 first16=000102030405060708090a0b0c0d0e0f
  [decoded] #208 crc_valid=True bytes_match_expected=True evm=0.49317 rssi_db=19.7 first16=000102030405060708090a0b0c0d0e0f
  [decoded] #209 crc_valid=True bytes_match_expected=True evm=0.45934 rssi_db=19.3 first16=000102030405060708090a0b0c0d0e0f
  [decoded] #210 crc_valid=True bytes_match_expected=True evm=0.45790 rssi_db=18.4 first16=000102030405060708090a0b0c0d0e0f
  [decoded] #211 crc_valid=True bytes_match_expected=True evm=0.66756 rssi_db=21.7 first16=000102030405060708090a0b0c0d0e0f
  [decoded] #212 crc_valid=True bytes_match_expected=True evm=0.68024 rssi_db=27.1 first16=000102030405060708090a0b0c0d0e0f
  [decoded] #213 crc_valid=True bytes_match_expected=True evm=0.49221 rssi_db=19.1 first16=000102030405060708090a0b0c0d0e0f
  [decoded] #214 crc_valid=True bytes_match_expected=True evm=0.46024 rssi_db=26.9 first16=000102030405060708090a0b0c0d0e0f
  [decoded] #215 crc_valid=True bytes_match_expected=True evm=0.49448 rssi_db=19.0 first16=000102030405060708090a0b0c0d0e0f
  [decoded] #216 crc_valid=True bytes_match_expected=True evm=0.54548 rssi_db=41.2 first16=000102030405060708090a0b0c0d0e0f
  [decoded] #217 crc_valid=True bytes_match_expected=True evm=0.53310 rssi_db=19.5 first16=000102030405060708090a0b0c0d0e0f
  [decoded] #218 crc_valid=True bytes_match_expected=True evm=0.51762 rssi_db=19.1 first16=000102030405060708090a0b0c0d0e0f
  [decoded] #219 crc_valid=True bytes_match_expected=True evm=0.55068 rssi_db=20.8 first16=000102030405060708090a0b0c0d0e0f
  [decoded] #220 crc_valid=True bytes_match_expected=True evm=0.57558 rssi_db=19.8 first16=000102030405060708090a0b0c0d0e0f
  [decoded] #221 crc_valid=True bytes_match_expected=True evm=0.47563 rssi_db=19.7 first16=000102030405060708090a0b0c0d0e0f
  [decoded] #222 crc_valid=True bytes_match_expected=True evm=0.61479 rssi_db=19.3 first16=000102030405060708090a0b0c0d0e0f
  [decoded] #223 crc_valid=True bytes_match_expected=True evm=0.51070 rssi_db=19.0 first16=000102030405060708090a0b0c0d0e0f
  [decoded] #224 crc_valid=True bytes_match_expected=True evm=0.45348 rssi_db=25.1 first16=000102030405060708090a0b0c0d0e0f
  [decoded] #225 crc_valid=True bytes_match_expected=True evm=0.54049 rssi_db=19.4 first16=000102030405060708090a0b0c0d0e0f
  [decoded] #226 crc_valid=True bytes_match_expected=True evm=0.55403 rssi_db=19.6 first16=000102030405060708090a0b0c0d0e0f
  [decoded] #227 crc_valid=False bytes_match_expected=False evm=1.47064 rssi_db=18.7 first16=000102030405071b5c1a0a0b0c0d0e0f
  [decoded] #228 crc_valid=True bytes_match_expected=True evm=0.50849 rssi_db=19.1 first16=000102030405060708090a0b0c0d0e0f
  [decoded] #229 crc_valid=False bytes_match_expected=False evm=0.82119 rssi_db=24.7 first16=000102030405060708090a0b0ac15a0f
  [decoded] #230 crc_valid=True bytes_match_expected=True evm=0.60877 rssi_db=19.8 first16=000102030405060708090a0b0c0d0e0f
  [decoded] #231 crc_valid=True bytes_match_expected=True evm=0.59531 rssi_db=19.7 first16=000102030405060708090a0b0c0d0e0f
  [decoded] #232 crc_valid=True bytes_match_expected=True evm=0.58370 rssi_db=21.0 first16=000102030405060708090a0b0c0d0e0f
  [decoded] #233 crc_valid=True bytes_match_expected=True evm=0.89904 rssi_db=18.6 first16=000102030405060708090a0b0c0d0e0f
  [decoded] #234 crc_valid=True bytes_match_expected=True evm=0.45575 rssi_db=19.4 first16=000102030405060708090a0b0c0d0e0f
  [decoded] #235 crc_valid=True bytes_match_expected=True evm=0.96058 rssi_db=19.0 first16=000102030405060708090a0b0c0d0e0f
  [decoded] #236 crc_valid=True bytes_match_expected=True evm=0.55595 rssi_db=19.6 first16=000102030405060708090a0b0c0d0e0f
  [decoded] #237 crc_valid=True bytes_match_expected=True evm=0.56603 rssi_db=20.4 first16=000102030405060708090a0b0c0d0e0f
  [decoded] #238 crc_valid=True bytes_match_expected=True evm=0.50621 rssi_db=22.0 first16=000102030405060708090a0b0c0d0e0f
  [decoded] #239 crc_valid=True bytes_match_expected=True evm=0.51240 rssi_db=18.5 first16=000102030405060708090a0b0c0d0e0f
  [decoded] #240 crc_valid=True bytes_match_expected=True evm=0.63800 rssi_db=28.5 first16=000102030405060708090a0b0c0d0e0f
  [decoded] #241 crc_valid=True bytes_match_expected=True evm=0.50378 rssi_db=18.8 first16=000102030405060708090a0b0c0d0e0f
  [decoded] #242 crc_valid=True bytes_match_expected=True evm=1.65911 rssi_db=23.4 first16=000102030405060708090a0b0c0d0e0f
  [decoded] #243 crc_valid=True bytes_match_expected=True evm=0.47167 rssi_db=19.0 first16=000102030405060708090a0b0c0d0e0f
  [decoded] #244 crc_valid=True bytes_match_expected=True evm=0.47707 rssi_db=19.9 first16=000102030405060708090a0b0c0d0e0f
  [decoded] #245 crc_valid=True bytes_match_expected=True evm=0.45177 rssi_db=19.2 first16=000102030405060708090a0b0c0d0e0f
  [decoded] #246 crc_valid=True bytes_match_expected=True evm=0.44731 rssi_db=19.5 first16=000102030405060708090a0b0c0d0e0f
  [decoded] #247 crc_valid=True bytes_match_expected=True evm=0.51520 rssi_db=27.1 first16=000102030405060708090a0b0c0d0e0f
  [decoded] #248 crc_valid=True bytes_match_expected=True evm=0.46291 rssi_db=27.4 first16=000102030405060708090a0b0c0d0e0f
  [decoded] #249 crc_valid=True bytes_match_expected=True evm=0.55682 rssi_db=26.4 first16=000102030405060708090a0b0c0d0e0f
  [decoded] #250 crc_valid=False bytes_match_expected=False evm=1.11950 rssi_db=26.4 first16=6cc777e26092a73caecef4dbe7544da0
  [decoded] #251 crc_valid=True bytes_match_expected=True evm=0.42206 rssi_db=18.9 first16=000102030405060708090a0b0c0d0e0f
  [decoded] #252 crc_valid=True bytes_match_expected=True evm=1.91845 rssi_db=25.2 first16=000102030405060708090a0b0c0d0e0f
  [decoded] #253 crc_valid=True bytes_match_expected=True evm=0.67750 rssi_db=25.6 first16=000102030405060708090a0b0c0d0e0f
  [decoded] #254 crc_valid=True bytes_match_expected=True evm=0.57939 rssi_db=23.6 first16=000102030405060708090a0b0c0d0e0f
  [decoded] #255 crc_valid=True bytes_match_expected=True evm=0.55260 rssi_db=19.3 first16=000102030405060708090a0b0c0d0e0f
  [decoded] #256 crc_valid=True bytes_match_expected=True evm=0.48180 rssi_db=19.1 first16=000102030405060708090a0b0c0d0e0f
  [decoded] #257 crc_valid=True bytes_match_expected=True evm=0.53493 rssi_db=26.4 first16=000102030405060708090a0b0c0d0e0f
  [decoded] #258 crc_valid=True bytes_match_expected=True evm=0.50362 rssi_db=25.2 first16=000102030405060708090a0b0c0d0e0f
  [decoded] #259 crc_valid=True bytes_match_expected=True evm=0.55281 rssi_db=21.1 first16=000102030405060708090a0b0c0d0e0f
  [decoded] #260 crc_valid=True bytes_match_expected=True evm=0.47763 rssi_db=21.0 first16=000102030405060708090a0b0c0d0e0f
  [decoded] #261 crc_valid=True bytes_match_expected=True evm=0.49941 rssi_db=21.2 first16=000102030405060708090a0b0c0d0e0f
  [decoded] #262 crc_valid=True bytes_match_expected=True evm=0.53229 rssi_db=20.7 first16=000102030405060708090a0b0c0d0e0f
  [decoded] #263 crc_valid=True bytes_match_expected=True evm=0.54554 rssi_db=19.6 first16=000102030405060708090a0b0c0d0e0f
  [decoded] #264 crc_valid=True bytes_match_expected=True evm=0.47303 rssi_db=19.0 first16=000102030405060708090a0b0c0d0e0f
  [decoded] #265 crc_valid=True bytes_match_expected=True evm=0.53723 rssi_db=27.4 first16=000102030405060708090a0b0c0d0e0f
  [decoded] #266 crc_valid=True bytes_match_expected=True evm=0.47499 rssi_db=26.1 first16=000102030405060708090a0b0c0d0e0f
  [decoded] #267 crc_valid=True bytes_match_expected=True evm=0.77319 rssi_db=27.0 first16=000102030405060708090a0b0c0d0e0f
  [decoded] #268 crc_valid=True bytes_match_expected=True evm=0.61708 rssi_db=24.0 first16=000102030405060708090a0b0c0d0e0f
  [decoded] #269 crc_valid=True bytes_match_expected=True evm=0.47384 rssi_db=19.7 first16=000102030405060708090a0b0c0d0e0f
  [decoded] #270 crc_valid=True bytes_match_expected=True evm=0.47735 rssi_db=19.6 first16=000102030405060708090a0b0c0d0e0f
  [decoded] #271 crc_valid=True bytes_match_expected=True evm=0.43697 rssi_db=25.3 first16=000102030405060708090a0b0c0d0e0f
  [decoded] #272 crc_valid=True bytes_match_expected=True evm=0.45959 rssi_db=24.7 first16=000102030405060708090a0b0c0d0e0f
  [decoded] #273 crc_valid=True bytes_match_expected=True evm=0.49776 rssi_db=24.7 first16=000102030405060708090a0b0c0d0e0f
  [decoded] #274 crc_valid=True bytes_match_expected=True evm=0.42270 rssi_db=20.6 first16=000102030405060708090a0b0c0d0e0f
  [decoded] #275 crc_valid=True bytes_match_expected=True evm=0.67641 rssi_db=21.7 first16=000102030405060708090a0b0c0d0e0f
  [decoded] #276 crc_valid=True bytes_match_expected=True evm=0.61746 rssi_db=21.3 first16=000102030405060708090a0b0c0d0e0f
  [decoded] #277 crc_valid=True bytes_match_expected=True evm=0.56023 rssi_db=18.9 first16=000102030405060708090a0b0c0d0e0f
  [decoded] #278 crc_valid=True bytes_match_expected=True evm=0.42612 rssi_db=19.8 first16=000102030405060708090a0b0c0d0e0f
  [decoded] #279 crc_valid=True bytes_match_expected=True evm=0.57054 rssi_db=21.4 first16=000102030405060708090a0b0c0d0e0f
  [decoded] #280 crc_valid=True bytes_match_expected=True evm=0.45047 rssi_db=23.5 first16=000102030405060708090a0b0c0d0e0f
  [decoded] #281 crc_valid=True bytes_match_expected=True evm=0.50194 rssi_db=26.2 first16=000102030405060708090a0b0c0d0e0f
  [decoded] #282 crc_valid=True bytes_match_expected=True evm=0.41814 rssi_db=27.0 first16=000102030405060708090a0b0c0d0e0f
  [decoded] #283 crc_valid=True bytes_match_expected=True evm=0.45731 rssi_db=26.4 first16=000102030405060708090a0b0c0d0e0f
  [decoded] #284 crc_valid=True bytes_match_expected=True evm=0.43838 rssi_db=19.5 first16=000102030405060708090a0b0c0d0e0f
  [decoded] #285 crc_valid=True bytes_match_expected=True evm=0.42056 rssi_db=18.8 first16=000102030405060708090a0b0c0d0e0f
  [decoded] #286 crc_valid=True bytes_match_expected=True evm=0.52855 rssi_db=19.0 first16=000102030405060708090a0b0c0d0e0f
  [decoded] #287 crc_valid=True bytes_match_expected=True evm=0.56675 rssi_db=27.2 first16=000102030405060708090a0b0c0d0e0f
  [decoded] #288 crc_valid=True bytes_match_expected=True evm=0.48188 rssi_db=27.2 first16=000102030405060708090a0b0c0d0e0f
  [decoded] #289 crc_valid=True bytes_match_expected=True evm=0.49611 rssi_db=19.8 first16=000102030405060708090a0b0c0d0e0f
  [decoded] #290 crc_valid=True bytes_match_expected=True evm=2.41083 rssi_db=19.5 first16=000102030405060708090a0b0c0d0e0f
  [decoded] #291 crc_valid=True bytes_match_expected=True evm=0.61685 rssi_db=27.1 first16=000102030405060708090a0b0c0d0e0f
  [decoded] #292 crc_valid=True bytes_match_expected=True evm=0.43170 rssi_db=23.4 first16=000102030405060708090a0b0c0d0e0f
  [decoded] #293 crc_valid=True bytes_match_expected=True evm=0.49284 rssi_db=21.9 first16=000102030405060708090a0b0c0d0e0f
  [decoded] #294 crc_valid=True bytes_match_expected=True evm=2.97135 rssi_db=18.9 first16=000102030405060708090a0b0c0d0e0f
  [decoded] #295 crc_valid=True bytes_match_expected=True evm=0.43923 rssi_db=19.3 first16=000102030405060708090a0b0c0d0e0f
  [decoded] #296 crc_valid=True bytes_match_expected=True evm=0.58447 rssi_db=50.5 first16=000102030405060708090a0b0c0d0e0f
  [decoded] #297 crc_valid=False bytes_match_expected=False evm=0.59171 rssi_db=19.5 first16=000102030405072de7b50a0b0c0d0e0f
  [decoded] #298 crc_valid=True bytes_match_expected=True evm=0.48887 rssi_db=19.5 first16=000102030405060708090a0b0c0d0e0f
  [decoded] #299 crc_valid=True bytes_match_expected=True evm=0.57774 rssi_db=20.0 first16=000102030405060708090a0b0c0d0e0f
  [decoded] #300 crc_valid=True bytes_match_expected=True evm=0.41054 rssi_db=21.3 first16=000102030405060708090a0b0c0d0e0f
  [decoded] #301 crc_valid=True bytes_match_expected=True evm=0.61615 rssi_db=21.5 first16=000102030405060708090a0b0c0d0e0f
  [decoded] #302 crc_valid=True bytes_match_expected=True evm=0.43209 rssi_db=18.8 first16=000102030405060708090a0b0c0d0e0f
  [decoded] #303 crc_valid=True bytes_match_expected=True evm=0.56317 rssi_db=20.9 first16=000102030405060708090a0b0c0d0e0f
  [decoded] #304 crc_valid=True bytes_match_expected=True evm=0.48548 rssi_db=20.2 first16=000102030405060708090a0b0c0d0e0f
  [decoded] #305 crc_valid=True bytes_match_expected=True evm=0.45441 rssi_db=24.6 first16=000102030405060708090a0b0c0d0e0f
  [decoded] #306 crc_valid=True bytes_match_expected=True evm=0.57013 rssi_db=26.9 first16=000102030405060708090a0b0c0d0e0f
  [decoded] #307 crc_valid=True bytes_match_expected=True evm=0.56788 rssi_db=19.6 first16=000102030405060708090a0b0c0d0e0f
  [decoded] #308 crc_valid=True bytes_match_expected=True evm=0.57476 rssi_db=31.2 first16=000102030405060708090a0b0c0d0e0f
  [decoded] #309 crc_valid=True bytes_match_expected=True evm=0.53635 rssi_db=26.5 first16=000102030405060708090a0b0c0d0e0f
  [decoded] #310 crc_valid=True bytes_match_expected=True evm=0.53961 rssi_db=22.5 first16=000102030405060708090a0b0c0d0e0f
  [decoded] #311 crc_valid=True bytes_match_expected=True evm=0.43808 rssi_db=18.6 first16=000102030405060708090a0b0c0d0e0f
  [decoded] #312 crc_valid=True bytes_match_expected=True evm=0.45501 rssi_db=22.8 first16=000102030405060708090a0b0c0d0e0f
  [decoded] #313 crc_valid=True bytes_match_expected=True evm=0.52586 rssi_db=22.2 first16=000102030405060708090a0b0c0d0e0f
  [decoded] #314 crc_valid=True bytes_match_expected=True evm=0.53622 rssi_db=19.2 first16=000102030405060708090a0b0c0d0e0f
  [decoded] #315 crc_valid=True bytes_match_expected=True evm=0.44610 rssi_db=19.7 first16=000102030405060708090a0b0c0d0e0f
  [decoded] #316 crc_valid=True bytes_match_expected=True evm=0.47120 rssi_db=19.3 first16=000102030405060708090a0b0c0d0e0f
  [decoded] #317 crc_valid=True bytes_match_expected=True evm=0.41929 rssi_db=20.0 first16=000102030405060708090a0b0c0d0e0f
  [decoded] #318 crc_valid=True bytes_match_expected=True evm=0.50972 rssi_db=19.9 first16=000102030405060708090a0b0c0d0e0f
  [decoded] #319 crc_valid=True bytes_match_expected=True evm=0.50644 rssi_db=19.5 first16=000102030405060708090a0b0c0d0e0f
  [decoded] #320 crc_valid=True bytes_match_expected=True evm=0.47187 rssi_db=19.1 first16=000102030405060708090a0b0c0d0e0f
  [decoded] #321 crc_valid=True bytes_match_expected=True evm=0.57676 rssi_db=20.7 first16=000102030405060708090a0b0c0d0e0f
  [decoded] #322 crc_valid=True bytes_match_expected=True evm=0.61947 rssi_db=48.7 first16=000102030405060708090a0b0c0d0e0f
  [decoded] #323 crc_valid=True bytes_match_expected=True evm=0.59844 rssi_db=20.4 first16=000102030405060708090a0b0c0d0e0f
  [decoded] #324 crc_valid=True bytes_match_expected=True evm=0.51121 rssi_db=20.1 first16=000102030405060708090a0b0c0d0e0f
  [decoded] #325 crc_valid=True bytes_match_expected=True evm=0.60794 rssi_db=26.4 first16=000102030405060708090a0b0c0d0e0f
  [decoded] #326 crc_valid=True bytes_match_expected=True evm=0.46219 rssi_db=19.2 first16=000102030405060708090a0b0c0d0e0f
  [decoded] #327 crc_valid=True bytes_match_expected=True evm=0.56130 rssi_db=20.8 first16=000102030405060708090a0b0c0d0e0f
  [decoded] #328 crc_valid=True bytes_match_expected=True evm=0.46172 rssi_db=64.2 first16=000102030405060708090a0b0c0d0e0f
  [decoded] #329 crc_valid=True bytes_match_expected=True evm=0.48208 rssi_db=19.7 first16=000102030405060708090a0b0c0d0e0f
  [decoded] #330 crc_valid=True bytes_match_expected=True evm=0.56551 rssi_db=49.2 first16=000102030405060708090a0b0c0d0e0f
  [decoded] #331 crc_valid=True bytes_match_expected=True evm=0.55539 rssi_db=26.6 first16=000102030405060708090a0b0c0d0e0f
  [decoded] #332 crc_valid=True bytes_match_expected=True evm=0.48218 rssi_db=19.7 first16=000102030405060708090a0b0c0d0e0f
  [decoded] #333 crc_valid=True bytes_match_expected=True evm=0.50575 rssi_db=20.0 first16=000102030405060708090a0b0c0d0e0f
  [decoded] #334 crc_valid=True bytes_match_expected=True evm=0.53347 rssi_db=46.2 first16=000102030405060708090a0b0c0d0e0f
  [decoded] #335 crc_valid=True bytes_match_expected=True evm=0.43252 rssi_db=24.0 first16=000102030405060708090a0b0c0d0e0f
  [decoded] #336 crc_valid=True bytes_match_expected=True evm=0.47663 rssi_db=21.0 first16=000102030405060708090a0b0c0d0e0f
  [decoded] #337 crc_valid=True bytes_match_expected=True evm=0.44745 rssi_db=19.9 first16=000102030405060708090a0b0c0d0e0f
  [decoded] #338 crc_valid=True bytes_match_expected=True evm=0.49042 rssi_db=19.6 first16=000102030405060708090a0b0c0d0e0f
  [decoded] #339 crc_valid=True bytes_match_expected=True evm=0.54710 rssi_db=19.6 first16=000102030405060708090a0b0c0d0e0f
  [decoded] #340 crc_valid=True bytes_match_expected=True evm=0.50724 rssi_db=19.7 first16=000102030405060708090a0b0c0d0e0f
  [decoded] #341 crc_valid=True bytes_match_expected=True evm=0.46434 rssi_db=20.1 first16=000102030405060708090a0b0c0d0e0f
  [decoded] #342 crc_valid=True bytes_match_expected=True evm=0.53409 rssi_db=22.8 first16=000102030405060708090a0b0c0d0e0f
  [decoded] #343 crc_valid=True bytes_match_expected=True evm=0.49620 rssi_db=19.7 first16=000102030405060708090a0b0c0d0e0f
  [decoded] #344 crc_valid=True bytes_match_expected=True evm=0.46023 rssi_db=20.9 first16=000102030405060708090a0b0c0d0e0f
  [decoded] #345 crc_valid=True bytes_match_expected=True evm=0.55254 rssi_db=40.4 first16=000102030405060708090a0b0c0d0e0f
  [decoded] #346 crc_valid=True bytes_match_expected=True evm=0.51173 rssi_db=18.6 first16=000102030405060708090a0b0c0d0e0f
  [decoded] #347 crc_valid=True bytes_match_expected=True evm=0.55356 rssi_db=20.3 first16=000102030405060708090a0b0c0d0e0f
  [decoded] #348 crc_valid=True bytes_match_expected=True evm=0.86662 rssi_db=23.5 first16=000102030405060708090a0b0c0d0e0f
  [decoded] #349 crc_valid=True bytes_match_expected=True evm=0.63783 rssi_db=22.7 first16=000102030405060708090a0b0c0d0e0f
  [decoded] #350 crc_valid=True bytes_match_expected=True evm=0.60045 rssi_db=21.0 first16=000102030405060708090a0b0c0d0e0f
  [decoded] #351 crc_valid=True bytes_match_expected=True evm=0.50213 rssi_db=24.1 first16=000102030405060708090a0b0c0d0e0f
  [decoded] #352 crc_valid=True bytes_match_expected=True evm=0.47518 rssi_db=20.4 first16=000102030405060708090a0b0c0d0e0f
  [decoded] #353 crc_valid=True bytes_match_expected=True evm=0.45730 rssi_db=19.1 first16=000102030405060708090a0b0c0d0e0f
  [decoded] #354 crc_valid=True bytes_match_expected=True evm=0.56844 rssi_db=18.9 first16=000102030405060708090a0b0c0d0e0f
  [decoded] #355 crc_valid=True bytes_match_expected=True evm=0.43451 rssi_db=19.4 first16=000102030405060708090a0b0c0d0e0f
  [decoded] #356 crc_valid=True bytes_match_expected=True evm=0.43580 rssi_db=18.7 first16=000102030405060708090a0b0c0d0e0f
  [decoded] #357 crc_valid=True bytes_match_expected=True evm=0.42936 rssi_db=18.8 first16=000102030405060708090a0b0c0d0e0f
  [decoded] #358 crc_valid=True bytes_match_expected=True evm=0.59278 rssi_db=20.0 first16=000102030405060708090a0b0c0d0e0f
  [decoded] #359 crc_valid=True bytes_match_expected=True evm=0.58283 rssi_db=21.1 first16=000102030405060708090a0b0c0d0e0f
  [decoded] #360 crc_valid=True bytes_match_expected=True evm=0.44492 rssi_db=20.2 first16=000102030405060708090a0b0c0d0e0f
  [decoded] #361 crc_valid=False bytes_match_expected=True evm=0.92311 rssi_db=20.3 first16=000102030405060708090a0b0c0d0e0f
  [decoded] #362 crc_valid=True bytes_match_expected=True evm=0.57143 rssi_db=20.1 first16=000102030405060708090a0b0c0d0e0f
  [decoded] #363 crc_valid=True bytes_match_expected=True evm=0.47527 rssi_db=20.0 first16=000102030405060708090a0b0c0d0e0f
  [decoded] #364 crc_valid=True bytes_match_expected=True evm=0.49991 rssi_db=19.7 first16=000102030405060708090a0b0c0d0e0f
  [decoded] #365 crc_valid=True bytes_match_expected=True evm=0.42345 rssi_db=19.0 first16=000102030405060708090a0b0c0d0e0f
  [decoded] #366 crc_valid=True bytes_match_expected=True evm=0.52853 rssi_db=20.0 first16=000102030405060708090a0b0c0d0e0f
  [decoded] #367 crc_valid=True bytes_match_expected=True evm=0.42355 rssi_db=19.8 first16=000102030405060708090a0b0c0d0e0f
  [decoded] #368 crc_valid=True bytes_match_expected=True evm=0.47705 rssi_db=19.7 first16=000102030405060708090a0b0c0d0e0f
  [decoded] #369 crc_valid=True bytes_match_expected=True evm=0.45849 rssi_db=23.9 first16=000102030405060708090a0b0c0d0e0f
  [decoded] #370 crc_valid=True bytes_match_expected=True evm=0.51647 rssi_db=19.7 first16=000102030405060708090a0b0c0d0e0f
  [decoded] #371 crc_valid=True bytes_match_expected=True evm=0.42323 rssi_db=18.9 first16=000102030405060708090a0b0c0d0e0f
  [decoded] #372 crc_valid=True bytes_match_expected=True evm=0.49361 rssi_db=18.3 first16=000102030405060708090a0b0c0d0e0f
  [decoded] #373 crc_valid=True bytes_match_expected=True evm=0.55880 rssi_db=19.2 first16=000102030405060708090a0b0c0d0e0f
  [decoded] #374 crc_valid=True bytes_match_expected=True evm=0.61866 rssi_db=25.4 first16=000102030405060708090a0b0c0d0e0f
  [decoded] #375 crc_valid=True bytes_match_expected=True evm=0.60924 rssi_db=20.0 first16=000102030405060708090a0b0c0d0e0f
  [decoded] #376 crc_valid=True bytes_match_expected=True evm=0.57762 rssi_db=20.2 first16=000102030405060708090a0b0c0d0e0f
  [decoded] #377 crc_valid=True bytes_match_expected=True evm=0.44515 rssi_db=19.2 first16=000102030405060708090a0b0c0d0e0f
  [decoded] #378 crc_valid=True bytes_match_expected=True evm=0.56334 rssi_db=19.8 first16=000102030405060708090a0b0c0d0e0f
  [decoded] #379 crc_valid=True bytes_match_expected=True evm=0.81293 rssi_db=21.1 first16=000102030405060708090a0b0c0d0e0f
  [decoded] #380 crc_valid=True bytes_match_expected=True evm=0.49351 rssi_db=54.1 first16=000102030405060708090a0b0c0d0e0f
  [decoded] #381 crc_valid=True bytes_match_expected=True evm=0.56052 rssi_db=19.3 first16=000102030405060708090a0b0c0d0e0f
  [decoded] #382 crc_valid=True bytes_match_expected=True evm=0.59100 rssi_db=22.3 first16=000102030405060708090a0b0c0d0e0f
  [decoded] #383 crc_valid=True bytes_match_expected=True evm=0.55289 rssi_db=19.1 first16=000102030405060708090a0b0c0d0e0f
  [decoded] #384 crc_valid=True bytes_match_expected=True evm=0.51637 rssi_db=22.1 first16=000102030405060708090a0b0c0d0e0f
  [decoded] #385 crc_valid=True bytes_match_expected=True evm=0.52008 rssi_db=19.2 first16=000102030405060708090a0b0c0d0e0f
  [decoded] #386 crc_valid=True bytes_match_expected=True evm=0.52447 rssi_db=25.9 first16=000102030405060708090a0b0c0d0e0f
  [decoded] #387 crc_valid=True bytes_match_expected=True evm=0.58991 rssi_db=20.4 first16=000102030405060708090a0b0c0d0e0f
  [decoded] #388 crc_valid=True bytes_match_expected=True evm=0.49096 rssi_db=19.8 first16=000102030405060708090a0b0c0d0e0f
  [decoded] #389 crc_valid=True bytes_match_expected=True evm=0.63667 rssi_db=19.1 first16=000102030405060708090a0b0c0d0e0f
  [decoded] #390 crc_valid=True bytes_match_expected=True evm=0.49110 rssi_db=18.6 first16=000102030405060708090a0b0c0d0e0f
  [decoded] #391 crc_valid=True bytes_match_expected=True evm=0.52242 rssi_db=18.6 first16=000102030405060708090a0b0c0d0e0f
  [decoded] #392 crc_valid=True bytes_match_expected=True evm=0.47384 rssi_db=26.5 first16=000102030405060708090a0b0c0d0e0f
  [decoded] #393 crc_valid=True bytes_match_expected=True evm=0.51582 rssi_db=19.6 first16=000102030405060708090a0b0c0d0e0f
  [decoded] #394 crc_valid=True bytes_match_expected=True evm=0.55352 rssi_db=19.8 first16=000102030405060708090a0b0c0d0e0f
  [decoded] #395 crc_valid=True bytes_match_expected=True evm=0.56022 rssi_db=24.7 first16=000102030405060708090a0b0c0d0e0f
  [decoded] #396 crc_valid=True bytes_match_expected=True evm=0.47877 rssi_db=25.7 first16=000102030405060708090a0b0c0d0e0f
  [decoded] #397 crc_valid=True bytes_match_expected=True evm=0.49683 rssi_db=19.9 first16=000102030405060708090a0b0c0d0e0f
  [decoded] #398 crc_valid=True bytes_match_expected=True evm=0.56675 rssi_db=20.1 first16=000102030405060708090a0b0c0d0e0f
  [decoded] #399 crc_valid=True bytes_match_expected=True evm=0.41417 rssi_db=18.2 first16=000102030405060708090a0b0c0d0e0f
  [decoded] #400 crc_valid=True bytes_match_expected=True evm=0.55640 rssi_db=19.8 first16=000102030405060708090a0b0c0d0e0f
  [decoded] #401 crc_valid=False bytes_match_expected=True evm=0.81799 rssi_db=19.5 first16=000102030405060708090a0b0c0d0e0f
  [decoded] #402 crc_valid=True bytes_match_expected=True evm=0.64974 rssi_db=21.2 first16=000102030405060708090a0b0c0d0e0f
  [decoded] #403 crc_valid=True bytes_match_expected=True evm=0.52638 rssi_db=19.4 first16=000102030405060708090a0b0c0d0e0f
  [decoded] #404 crc_valid=True bytes_match_expected=True evm=0.56856 rssi_db=19.4 first16=000102030405060708090a0b0c0d0e0f
  [decoded] #405 crc_valid=True bytes_match_expected=True evm=0.45230 rssi_db=25.0 first16=000102030405060708090a0b0c0d0e0f
  [decoded] #406 crc_valid=True bytes_match_expected=True evm=0.46849 rssi_db=18.9 first16=000102030405060708090a0b0c0d0e0f
  [decoded] #407 crc_valid=True bytes_match_expected=True evm=0.50718 rssi_db=19.3 first16=000102030405060708090a0b0c0d0e0f
  [decoded] #408 crc_valid=True bytes_match_expected=True evm=0.58159 rssi_db=22.4 first16=000102030405060708090a0b0c0d0e0f
  [decoded] #409 crc_valid=True bytes_match_expected=True evm=0.67984 rssi_db=22.5 first16=000102030405060708090a0b0c0d0e0f
  [decoded] #410 crc_valid=True bytes_match_expected=True evm=0.51381 rssi_db=19.4 first16=000102030405060708090a0b0c0d0e0f
  [decoded] #411 crc_valid=True bytes_match_expected=True evm=0.49224 rssi_db=19.2 first16=000102030405060708090a0b0c0d0e0f
  [decoded] #412 crc_valid=True bytes_match_expected=True evm=0.48807 rssi_db=19.6 first16=000102030405060708090a0b0c0d0e0f
  [decoded] #413 crc_valid=True bytes_match_expected=True evm=0.47431 rssi_db=18.9 first16=000102030405060708090a0b0c0d0e0f
  [decoded] #414 crc_valid=True bytes_match_expected=True evm=0.48104 rssi_db=21.3 first16=000102030405060708090a0b0c0d0e0f
  [decoded] #415 crc_valid=True bytes_match_expected=True evm=0.45837 rssi_db=19.6 first16=000102030405060708090a0b0c0d0e0f
  [decoded] #416 crc_valid=True bytes_match_expected=True evm=0.46640 rssi_db=19.1 first16=000102030405060708090a0b0c0d0e0f
  [decoded] #417 crc_valid=True bytes_match_expected=True evm=0.54724 rssi_db=38.7 first16=000102030405060708090a0b0c0d0e0f
  [decoded] #418 crc_valid=True bytes_match_expected=True evm=0.59807 rssi_db=19.4 first16=000102030405060708090a0b0c0d0e0f
  [decoded] #419 crc_valid=True bytes_match_expected=True evm=0.47621 rssi_db=20.8 first16=000102030405060708090a0b0c0d0e0f
  [decoded] #420 crc_valid=True bytes_match_expected=True evm=0.61321 rssi_db=26.9 first16=000102030405060708090a0b0c0d0e0f
  [decoded] #421 crc_valid=True bytes_match_expected=True evm=0.47381 rssi_db=18.4 first16=000102030405060708090a0b0c0d0e0f
  [decoded] #422 crc_valid=True bytes_match_expected=True evm=0.43957 rssi_db=25.9 first16=000102030405060708090a0b0c0d0e0f
  [decoded] #423 crc_valid=True bytes_match_expected=True evm=0.59293 rssi_db=24.4 first16=000102030405060708090a0b0c0d0e0f
  [decoded] #424 crc_valid=True bytes_match_expected=True evm=0.47776 rssi_db=19.2 first16=000102030405060708090a0b0c0d0e0f
  [decoded] #425 crc_valid=True bytes_match_expected=True evm=0.65880 rssi_db=21.4 first16=000102030405060708090a0b0c0d0e0f
  [decoded] #426 crc_valid=True bytes_match_expected=True evm=0.53827 rssi_db=19.2 first16=000102030405060708090a0b0c0d0e0f
  [decoded] #427 crc_valid=True bytes_match_expected=True evm=0.48632 rssi_db=18.7 first16=000102030405060708090a0b0c0d0e0f
  [decoded] #428 crc_valid=True bytes_match_expected=True evm=0.63812 rssi_db=19.7 first16=000102030405060708090a0b0c0d0e0f
  [decoded] #429 crc_valid=True bytes_match_expected=True evm=0.54692 rssi_db=21.4 first16=000102030405060708090a0b0c0d0e0f
  [decoded] #430 crc_valid=True bytes_match_expected=True evm=0.49093 rssi_db=30.3 first16=000102030405060708090a0b0c0d0e0f
  [decoded] #431 crc_valid=True bytes_match_expected=True evm=0.71956 rssi_db=20.9 first16=000102030405060708090a0b0c0d0e0f
  [decoded] #432 crc_valid=True bytes_match_expected=True evm=1.30500 rssi_db=19.5 first16=000102030405060708090a0b0c0d0e0f
  [decoded] #433 crc_valid=True bytes_match_expected=True evm=0.74500 rssi_db=21.6 first16=000102030405060708090a0b0c0d0e0f
  [decoded] #434 crc_valid=True bytes_match_expected=True evm=0.62718 rssi_db=19.1 first16=000102030405060708090a0b0c0d0e0f
  [decoded] #435 crc_valid=True bytes_match_expected=True evm=0.49604 rssi_db=18.8 first16=000102030405060708090a0b0c0d0e0f
  [decoded] #436 crc_valid=True bytes_match_expected=True evm=0.48427 rssi_db=18.8 first16=000102030405060708090a0b0c0d0e0f
  [decoded] #437 crc_valid=True bytes_match_expected=True evm=0.51232 rssi_db=19.2 first16=000102030405060708090a0b0c0d0e0f
  [decoded] #438 crc_valid=True bytes_match_expected=True evm=0.46822 rssi_db=19.1 first16=000102030405060708090a0b0c0d0e0f
  [decoded] #439 crc_valid=True bytes_match_expected=True evm=0.62048 rssi_db=19.8 first16=000102030405060708090a0b0c0d0e0f
  [decoded] #440 crc_valid=True bytes_match_expected=True evm=0.50631 rssi_db=20.2 first16=000102030405060708090a0b0c0d0e0f
  [decoded] #441 crc_valid=True bytes_match_expected=True evm=0.48511 rssi_db=19.4 first16=000102030405060708090a0b0c0d0e0f
  [decoded] #442 crc_valid=True bytes_match_expected=True evm=0.61585 rssi_db=19.4 first16=000102030405060708090a0b0c0d0e0f
  [decoded] #443 crc_valid=True bytes_match_expected=True evm=0.55655 rssi_db=37.3 first16=000102030405060708090a0b0c0d0e0f
  [decoded] #444 crc_valid=True bytes_match_expected=True evm=0.62891 rssi_db=19.9 first16=000102030405060708090a0b0c0d0e0f
  [decoded] #445 crc_valid=True bytes_match_expected=True evm=0.56244 rssi_db=23.8 first16=000102030405060708090a0b0c0d0e0f
  [decoded] #446 crc_valid=True bytes_match_expected=True evm=0.57127 rssi_db=20.2 first16=000102030405060708090a0b0c0d0e0f
  [decoded] #447 crc_valid=True bytes_match_expected=True evm=0.46365 rssi_db=24.5 first16=000102030405060708090a0b0c0d0e0f
  [decoded] #448 crc_valid=True bytes_match_expected=True evm=0.47666 rssi_db=19.5 first16=000102030405060708090a0b0c0d0e0f
  [decoded] #449 crc_valid=True bytes_match_expected=True evm=0.63843 rssi_db=62.8 first16=000102030405060708090a0b0c0d0e0f
  [decoded] #450 crc_valid=True bytes_match_expected=True evm=0.56504 rssi_db=19.1 first16=000102030405060708090a0b0c0d0e0f
  [decoded] #451 crc_valid=True bytes_match_expected=True evm=0.67449 rssi_db=20.0 first16=000102030405060708090a0b0c0d0e0f
  [decoded] #452 crc_valid=True bytes_match_expected=True evm=0.45309 rssi_db=19.9 first16=000102030405060708090a0b0c0d0e0f
  [decoded] #453 crc_valid=True bytes_match_expected=True evm=0.53521 rssi_db=35.8 first16=000102030405060708090a0b0c0d0e0f
  [decoded] #454 crc_valid=True bytes_match_expected=True evm=0.58054 rssi_db=19.6 first16=000102030405060708090a0b0c0d0e0f
  [decoded] #455 crc_valid=True bytes_match_expected=True evm=0.57505 rssi_db=21.3 first16=000102030405060708090a0b0c0d0e0f
  [decoded] #456 crc_valid=True bytes_match_expected=True evm=0.62087 rssi_db=20.0 first16=000102030405060708090a0b0c0d0e0f
  [decoded] #457 crc_valid=True bytes_match_expected=True evm=0.57165 rssi_db=23.4 first16=000102030405060708090a0b0c0d0e0f
  [decoded] #458 crc_valid=True bytes_match_expected=True evm=0.58622 rssi_db=19.3 first16=000102030405060708090a0b0c0d0e0f
  [decoded] #459 crc_valid=True bytes_match_expected=True evm=0.61825 rssi_db=20.6 first16=000102030405060708090a0b0c0d0e0f
  [decoded] #460 crc_valid=True bytes_match_expected=True evm=0.55693 rssi_db=19.5 first16=000102030405060708090a0b0c0d0e0f
  [decoded] #461 crc_valid=True bytes_match_expected=True evm=0.41926 rssi_db=18.7 first16=000102030405060708090a0b0c0d0e0f
  [decoded] #462 crc_valid=True bytes_match_expected=True evm=0.51095 rssi_db=18.6 first16=000102030405060708090a0b0c0d0e0f
  [decoded] #463 crc_valid=True bytes_match_expected=True evm=0.50918 rssi_db=19.1 first16=000102030405060708090a0b0c0d0e0f
  [decoded] #464 crc_valid=True bytes_match_expected=True evm=0.45341 rssi_db=19.4 first16=000102030405060708090a0b0c0d0e0f
  [decoded] #465 crc_valid=True bytes_match_expected=True evm=0.49834 rssi_db=34.9 first16=000102030405060708090a0b0c0d0e0f
  [decoded] #466 crc_valid=True bytes_match_expected=True evm=0.55992 rssi_db=20.5 first16=000102030405060708090a0b0c0d0e0f
  [decoded] #467 crc_valid=True bytes_match_expected=True evm=0.50869 rssi_db=19.0 first16=000102030405060708090a0b0c0d0e0f
  [decoded] #468 crc_valid=True bytes_match_expected=True evm=0.45987 rssi_db=18.9 first16=000102030405060708090a0b0c0d0e0f