

================================================================
== Vitis HLS Report for 'sc_sync'
================================================================
* Date:           Thu Sep 10 09:34:33 2026

* Version:        2025.2 (Build 6295257 on Nov 14 2025)
* Project:        sc_sync_proj
* Solution:       sol1 (Vivado IP Flow Target)
* Product family: artix7
* Target device:  xc7a50t-csg325-1


================================================================
== Performance Estimates
================================================================
+ Timing: 
    * Summary: 
    +--------+----------+----------+------------+
    |  Clock |  Target  | Estimated| Uncertainty|
    +--------+----------+----------+------------+
    |ap_clk  |  10.00 ns|  7.086 ns|     2.70 ns|
    +--------+----------+----------+------------+

+ Latency: 
    * Summary: 
    +---------+---------+-----------+----------+------+--------+---------+
    |  Latency (cycles) |  Latency (absolute)  |    Interval   | Pipeline|
    |   min   |   max   |    min    |    max   |  min |   max  |   Type  |
    +---------+---------+-----------+----------+------+--------+---------+
    |     1356|   263496|  13.560 us|  2.635 ms|  1357|  263497|       no|
    +---------+---------+-----------+----------+------+--------+---------+

    + Detail: 
        * Instance: 
        +-----------------------------------+------------------------+---------+---------+----------+----------+-----+-----+-------------------+
        |                                   |                        |  Latency (cycles) |  Latency (absolute) |  Interval |      Pipeline     |
        |              Instance             |         Module         |   min   |   max   |    min   |    max   | min | max |        Type       |
        +-----------------------------------+------------------------+---------+---------+----------+----------+-----+-----+-------------------+
        |grp_sc_sync_Pipeline_SLIDE_fu_256  |sc_sync_Pipeline_SLIDE  |       71|   262211|  0.710 us|  2.622 ms|    0|    0|  loop pipeline stp|
        +-----------------------------------+------------------------+---------+---------+----------+----------+-----+-----+-------------------+

        * Loop: 
        +----------+---------+---------+----------+-----------+-----------+------+----------+
        |          |  Latency (cycles) | Iteration|  Initiation Interval  | Trip |          |
        | Loop Name|   min   |   max   |  Latency |  achieved |   target  | Count| Pipelined|
        +----------+---------+---------+----------+-----------+-----------+------+----------+
        |- PRIME   |      512|      512|         2|          -|          -|   256|        no|
        |- INIT    |      768|      768|         6|          -|          -|   128|        no|
        +----------+---------+---------+----------+-----------+-----------+------+----------+



================================================================
== Utilization Estimates
================================================================
* Summary: 
+-----------------+---------+-----+-------+-------+-----+
|       Name      | BRAM_18K| DSP |   FF  |  LUT  | URAM|
+-----------------+---------+-----+-------+-------+-----+
|DSP              |        -|    1|      -|      -|    -|
|Expression       |        -|    -|      0|   1066|    -|
|FIFO             |        -|    -|      -|      -|    -|
|Instance         |        0|   25|   8241|   6725|    -|
|Memory           |        2|    -|      0|      0|    -|
|Multiplexer      |        -|    -|      0|    290|    -|
|Register         |        -|    -|   1164|      -|    -|
+-----------------+---------+-----+-------+-------+-----+
|Total            |        2|   26|   9405|   8081|    0|
+-----------------+---------+-----+-------+-------+-----+
|Available        |      150|  120|  65200|  32600|    0|
+-----------------+---------+-----+-------+-------+-----+
|Utilization (%)  |        1|   21|     14|     24|    0|
+-----------------+---------+-----+-------+-------+-----+

+ Detail: 
    * Instance: 
    +-----------------------------------+------------------------+---------+----+------+------+-----+
    |              Instance             |         Module         | BRAM_18K| DSP|  FF  |  LUT | URAM|
    +-----------------------------------+------------------------+---------+----+------+------+-----+
    |control_s_axi_U                    |control_s_axi           |        0|   0|   180|   280|    0|
    |mul_16s_16s_32_1_1_U36             |mul_16s_16s_32_1_1      |        0|   1|     0|     6|    0|
    |mul_16s_16s_32_1_1_U37             |mul_16s_16s_32_1_1      |        0|   1|     0|     6|    0|
    |mul_16s_16s_32_1_1_U38             |mul_16s_16s_32_1_1      |        0|   1|     0|     6|    0|
    |mul_16s_16s_32_1_1_U39             |mul_16s_16s_32_1_1      |        0|   1|     0|     6|    0|
    |mul_16s_16s_32_1_1_U40             |mul_16s_16s_32_1_1      |        0|   1|     0|     6|    0|
    |mul_16s_16s_32_1_1_U41             |mul_16s_16s_32_1_1      |        0|   1|     0|     6|    0|
    |mul_16s_16s_32_1_1_U42             |mul_16s_16s_32_1_1      |        0|   1|     0|     6|    0|
    |grp_sc_sync_Pipeline_SLIDE_fu_256  |sc_sync_Pipeline_SLIDE  |        0|  18|  8061|  6403|    0|
    +-----------------------------------+------------------------+---------+----+------+------+-----+
    |Total                              |                        |        0|  25|  8241|  6725|    0|
    +-----------------------------------+------------------------+---------+----+------+------+-----+

    * DSP: 
    +-----------------------------------+-------------------------------+--------------+
    |              Instance             |             Module            |  Expression  |
    +-----------------------------------+-------------------------------+--------------+
    |mac_mulsub_16s_16s_32s_32_4_1_U43  |mac_mulsub_16s_16s_32s_32_4_1  |  i0 - i1 * i2|
    +-----------------------------------+-------------------------------+--------------+

    * Memory: 
    +---------+------------------------+---------+---+----+-----+------+-----+------+-------------+
    |  Memory |         Module         | BRAM_18K| FF| LUT| URAM| Words| Bits| Banks| W*Bits*Banks|
    +---------+------------------------+---------+---+----+-----+------+-----+------+-------------+
    |buf_i_U  |buf_i_RAM_2P_BRAM_1R1W  |        1|  0|   0|    0|   257|   16|     1|         4112|
    |buf_q_U  |buf_i_RAM_2P_BRAM_1R1W  |        1|  0|   0|    0|   257|   16|     1|         4112|
    +---------+------------------------+---------+---+----+-----+------+-----+------+-------------+
    |Total    |                        |        2|  0|   0|    0|   514|   32|     2|         8224|
    +---------+------------------------+---------+---+----+-----+------+-----+------+-------------+

    * FIFO: 
    N/A

    * Expression: 
    +------------------------+----------+----+---+----+------------+------------+
    |      Variable Name     | Operation| DSP| FF| LUT| Bitwidth P0| Bitwidth P1|
    +------------------------+----------+----+---+----+------------+------------+
    |add_ln47_fu_332_p2      |         +|   0|  0|  38|          31|           1|
    |add_ln59_fu_434_p2      |         +|   0|  0|  38|          31|           1|
    |add_ln64_1_fu_619_p2    |         +|   0|  0|  48|          41|          41|
    |add_ln64_2_fu_597_p2    |         +|   0|  0|  20|          13|          13|
    |add_ln64_fu_601_p2      |         +|   0|  0|  40|          33|          33|
    |add_ln65_fu_766_p2      |         +|   0|  0|  48|          41|          41|
    |add_ln66_1_fu_671_p2    |         +|   0|  0|  48|          41|          41|
    |add_ln66_2_fu_649_p2    |         +|   0|  0|  20|          13|          13|
    |add_ln66_fu_653_p2      |         +|   0|  0|  40|          33|          33|
    |add_ln67_1_fu_723_p2    |         +|   0|  0|  48|          41|          41|
    |add_ln67_2_fu_701_p2    |         +|   0|  0|  20|          13|          13|
    |add_ln67_fu_705_p2      |         +|   0|  0|  40|          33|          33|
    |add_ln88_fu_475_p2      |         +|   0|  0|  32|          32|           1|
    |ia_1_fu_458_p2          |         +|   0|  0|  39|          32|           1|
    |ib_1_fu_464_p2          |         +|   0|  0|  39|          32|           1|
    |p_im_5_fu_823_p2        |         +|   0|  0|  35|          28|          28|
    |p_re_5_fu_750_p2        |         +|   0|  0|  35|          28|          28|
    |r1_4_fu_792_p2          |         +|   0|  0|  35|          28|          28|
    |r2_4_fu_800_p2          |         +|   0|  0|  35|          28|          28|
    |w_1_fu_361_p2           |         +|   0|  0|  39|          32|           1|
    |n_candidates_fu_480_p2  |         -|   0|  0|  32|          32|          32|
    |ap_block_state2         |       and|   0|  0|   2|           1|           1|
    |icmp_ln19_1_fu_493_p2   |      icmp|   0|  0|  39|          32|          32|
    |icmp_ln19_2_fu_504_p2   |      icmp|   0|  0|  39|          32|          32|
    |icmp_ln19_fu_406_p2     |      icmp|   0|  0|  39|          32|          32|
    |icmp_ln47_fu_327_p2     |      icmp|   0|  0|  39|          32|          32|
    |icmp_ln59_fu_429_p2     |      icmp|   0|  0|  39|          32|          32|
    |buf_i_we1               |        or|   0|  0|   2|           1|           1|
    |buf_q_we1               |        or|   0|  0|   2|           1|           1|
    |ia_2_fu_497_p3          |    select|   0|  0|  32|           1|           1|
    |ib_2_fu_508_p3          |    select|   0|  0|  32|           1|           1|
    |w_2_fu_410_p3           |    select|   0|  0|  32|           1|           1|
    +------------------------+----------+----+---+----+------------+------------+
    |Total                   |          |   0|  0|1066|         802|         618|
    +------------------------+----------+----+---+----+------------+------------+

    * Multiplexer: 
    +---------------------------+----+-----------+-----+-----------+
    |            Name           | LUT| Input Size| Bits| Total Bits|
    +---------------------------+----+-----------+-----+-----------+
    |ap_NS_fsm                  |  53|         13|    1|         13|
    |buf_i_address0             |   9|          2|    9|         18|
    |buf_i_address1             |   9|          2|    9|         18|
    |buf_i_address1_local       |  13|          3|    9|         27|
    |buf_i_ce0                  |   9|          2|    1|          2|
    |buf_i_ce1                  |   9|          2|    1|          2|
    |buf_i_d1                   |   9|          2|   16|         32|
    |buf_i_we1                  |   9|          2|    1|          2|
    |buf_q_address0             |   9|          2|    9|         18|
    |buf_q_address1             |   9|          2|    9|         18|
    |buf_q_address1_local       |  13|          3|    9|         27|
    |buf_q_ce0                  |   9|          2|    1|          2|
    |buf_q_ce1                  |   9|          2|    1|          2|
    |buf_q_d1                   |   9|          2|   16|         32|
    |buf_q_we1                  |   9|          2|    1|          2|
    |ia_fu_150                  |   9|          2|   32|         64|
    |ib_fu_146                  |   9|          2|   32|         64|
    |iq_in_TDATA_blk_n          |   9|          2|    1|          2|
    |iq_in_TREADY_int_regslice  |  13|          3|    1|          3|
    |m_fu_154                   |   9|          2|   31|         62|
    |n_fu_118                   |   9|          2|   31|         62|
    |p_im_fu_138                |   9|          2|   28|         56|
    |p_re_fu_142                |   9|          2|   28|         56|
    |r1_fu_134                  |   9|          2|   28|         56|
    |r2_fu_130                  |   9|          2|   28|         56|
    |w_fu_114                   |   9|          2|   32|         64|
    +---------------------------+----+-----------+-----+-----------+
    |Total                      | 290|         66|  365|        760|
    +---------------------------+----+-----------+-----+-----------+

    * Register: 
    +------------------------------------------------+----+----+-----+-----------+
    |                      Name                      | FF | LUT| Bits| Const Bits|
    +------------------------------------------------+----+----+-----+-----------+
    |L_read_reg_864                                  |  32|   0|   32|          0|
    |a_i_reg_1001                                    |  16|   0|   16|          0|
    |ap_CS_fsm                                       |  12|   0|   12|          0|
    |b_q_reg_1006                                    |  16|   0|   16|          0|
    |grp_sc_sync_Pipeline_SLIDE_fu_256_ap_start_reg  |   1|   0|    1|          0|
    |i_in_reg_888                                    |  32|   0|   32|          0|
    |ia_1_reg_984                                    |  32|   0|   32|          0|
    |ia_fu_150                                       |  32|   0|   32|          0|
    |ib_1_reg_990                                    |  32|   0|   32|          0|
    |ib_fu_146                                       |  32|   0|   32|          0|
    |m_fu_154                                        |  31|   0|   31|          0|
    |mul_ln64_1_reg_1037                             |  32|   0|   32|          0|
    |mul_ln64_reg_1027                               |  32|   0|   32|          0|
    |mul_ln65_reg_1047                               |  32|   0|   32|          0|
    |mul_ln66_1_reg_1062                             |  32|   0|   32|          0|
    |mul_ln66_reg_1052                               |  32|   0|   32|          0|
    |mul_ln67_1_reg_1082                             |  32|   0|   32|          0|
    |mul_ln67_reg_1072                               |  32|   0|   32|          0|
    |n_candidates_reg_996                            |  32|   0|   32|          0|
    |n_fu_118                                        |  31|   0|   31|          0|
    |n_samples_read_reg_871                          |  32|   0|   32|          0|
    |p_im_1_reg_1122                                 |  28|   0|   28|          0|
    |p_im_fu_138                                     |  28|   0|   28|          0|
    |p_im_load_reg_1142                              |  28|   0|   28|          0|
    |p_re_1_reg_1092                                 |  28|   0|   28|          0|
    |p_re_fu_142                                     |  28|   0|   28|          0|
    |p_re_load_reg_1147                              |  28|   0|   28|          0|
    |r1_1_reg_1102                                   |  28|   0|   28|          0|
    |r1_fu_134                                       |  28|   0|   28|          0|
    |r1_load_reg_1137                                |  28|   0|   28|          0|
    |r2_1_reg_1112                                   |  28|   0|   28|          0|
    |r2_fu_130                                       |  28|   0|   28|          0|
    |r2_load_reg_1132                                |  28|   0|   28|          0|
    |sext_ln64_1_reg_1011                            |  32|   0|   32|          0|
    |sext_ln64_2_reg_1019                            |  32|   0|   32|          0|
    |span_reg_895                                    |  31|   0|   32|          1|
    |tmp_10_reg_1117                                 |   1|   0|    1|          0|
    |tmp_8_reg_1127                                  |   1|   0|    1|          0|
    |tmp_9_reg_1107                                  |   1|   0|    1|          0|
    |tmp_reg_1097                                    |   1|   0|    1|          0|
    |trunc_ln64_1_reg_1042                           |  13|   0|   13|          0|
    |trunc_ln64_reg_1032                             |  13|   0|   13|          0|
    |trunc_ln66_1_reg_1067                           |  13|   0|   13|          0|
    |trunc_ln66_reg_1057                             |  13|   0|   13|          0|
    |trunc_ln67_1_reg_1087                           |  13|   0|   13|          0|
    |trunc_ln67_reg_1077                             |  13|   0|   13|          0|
    |w_1_reg_906                                     |  32|   0|   32|          0|
    |w_fu_114                                        |  32|   0|   32|          0|
    +------------------------------------------------+----+----+-----+-----------+
    |Total                                           |1164|   0| 1165|          1|
    +------------------------------------------------+----+----+-----+-----------+



================================================================
== Interface
================================================================
* Summary: 
+-----------------------+-----+-----+------------+--------------+--------------+
|       RTL Ports       | Dir | Bits|  Protocol  | Source Object|    C Type    |
+-----------------------+-----+-----+------------+--------------+--------------+
|s_axi_control_AWVALID  |   in|    1|       s_axi|       control|       pointer|
|s_axi_control_AWREADY  |  out|    1|       s_axi|       control|       pointer|
|s_axi_control_AWADDR   |   in|    6|       s_axi|       control|       pointer|
|s_axi_control_WVALID   |   in|    1|       s_axi|       control|       pointer|
|s_axi_control_WREADY   |  out|    1|       s_axi|       control|       pointer|
|s_axi_control_WDATA    |   in|   32|       s_axi|       control|       pointer|
|s_axi_control_WSTRB    |   in|    4|       s_axi|       control|       pointer|
|s_axi_control_ARVALID  |   in|    1|       s_axi|       control|       pointer|
|s_axi_control_ARREADY  |  out|    1|       s_axi|       control|       pointer|
|s_axi_control_ARADDR   |   in|    6|       s_axi|       control|       pointer|
|s_axi_control_RVALID   |  out|    1|       s_axi|       control|       pointer|
|s_axi_control_RREADY   |   in|    1|       s_axi|       control|       pointer|
|s_axi_control_RDATA    |  out|   32|       s_axi|       control|       pointer|
|s_axi_control_RRESP    |  out|    2|       s_axi|       control|       pointer|
|s_axi_control_BVALID   |  out|    1|       s_axi|       control|       pointer|
|s_axi_control_BREADY   |   in|    1|       s_axi|       control|       pointer|
|s_axi_control_BRESP    |  out|    2|       s_axi|       control|       pointer|
|ap_clk                 |   in|    1|  ap_ctrl_hs|       sc_sync|  return value|
|ap_rst_n               |   in|    1|  ap_ctrl_hs|       sc_sync|  return value|
|interrupt              |  out|    1|  ap_ctrl_hs|       sc_sync|  return value|
|iq_in_TDATA            |   in|   32|        axis|         iq_in|       pointer|
|iq_in_TVALID           |   in|    1|        axis|         iq_in|       pointer|
|iq_in_TREADY           |  out|    1|        axis|         iq_in|       pointer|
+-----------------------+-----+-----+------------+--------------+--------------+

