

================================================================
== Vitis HLS Report for 'sc_sync_Pipeline_SLIDE'
================================================================
* Date:           Thu Sep 10 09:34:33 2026

* Version:        2025.2 (Build 6295257 on Nov 14 2025)
* Project:        sc_sync_proj
* Solution:       sol1 (Vivado IP Flow Target)
* Product family: artix7
* Target device:  xc7a50t-csg325-1


================================================================
== Performance Estimates
================================================================
+ Timing: 
    * Summary: 
    +--------+----------+----------+------------+
    |  Clock |  Target  | Estimated| Uncertainty|
    +--------+----------+----------+------------+
    |ap_clk  |  10.00 ns|  7.086 ns|     2.70 ns|
    +--------+----------+----------+------------+

+ Latency: 
    * Summary: 
    +---------+---------+----------+----------+-----+-----+-------------------+
    |  Latency (cycles) |  Latency (absolute) |  Interval |      Pipeline     |
    |   min   |   max   |    min   |    max   | min | max |        Type       |
    +---------+---------+----------+----------+-----+-----+-------------------+
    |       71|   262211|  0.710 us|  2.622 ms|    0|    0|  loop pipeline stp|
    +---------+---------+----------+----------+-----+-----+-------------------+

    + Detail: 
        * Instance: 
        N/A

        * Loop: 
        +----------+---------+---------+----------+-----------+-----------+-----------+----------+
        |          |  Latency (cycles) | Iteration|  Initiation Interval  |    Trip   |          |
        | Loop Name|   min   |   max   |  Latency |  achieved |   target  |   Count   | Pipelined|
        +----------+---------+---------+----------+-----------+-----------+-----------+----------+
        |- SLIDE   |       69|   262209|        70|          4|          4|  1 ~ 65536|       yes|
        +----------+---------+---------+----------+-----------+-----------+-----------+----------+



================================================================
== Utilization Estimates
================================================================
* Summary: 
+-----------------+---------+-----+-------+-------+-----+
|       Name      | BRAM_18K| DSP |   FF  |  LUT  | URAM|
+-----------------+---------+-----+-------+-------+-----+
|DSP              |        -|    4|      -|      -|    -|
|Expression       |        -|    -|      0|   1300|    -|
|FIFO             |        -|    -|      -|      -|    -|
|Instance         |        -|   14|   5831|   4596|    -|
|Memory           |        -|    -|      -|      -|    -|
|Multiplexer      |        -|    -|      0|    379|    -|
|Register         |        -|    -|   2230|    128|    -|
+-----------------+---------+-----+-------+-------+-----+
|Total            |        0|   18|   8061|   6403|    0|
+-----------------+---------+-----+-------+-------+-----+
|Available        |      150|  120|  65200|  32600|    0|
+-----------------+---------+-----+-------+-------+-----+
|Utilization (%)  |        0|   15|     12|     19|    0|
+-----------------+---------+-----+-------+-------+-----+

+ Detail: 
    * Instance: 
    +----------------------------+------------------------+---------+----+------+------+-----+
    |          Instance          |         Module         | BRAM_18K| DSP|  FF  |  LUT | URAM|
    +----------------------------+------------------------+---------+----+------+------+-----+
    |mul_16s_16s_32_1_1_U3       |mul_16s_16s_32_1_1      |        0|   1|     0|     6|    0|
    |mul_16s_16s_32_1_1_U4       |mul_16s_16s_32_1_1      |        0|   1|     0|     6|    0|
    |mul_16s_16s_32_1_1_U5       |mul_16s_16s_32_1_1      |        0|   1|     0|     6|    0|
    |mul_16s_16s_32_1_1_U6       |mul_16s_16s_32_1_1      |        0|   1|     0|     6|    0|
    |mul_16s_16s_32_1_1_U7       |mul_16s_16s_32_1_1      |        0|   1|     0|     6|    0|
    |mul_16s_16s_32_1_1_U8       |mul_16s_16s_32_1_1      |        0|   1|     0|     6|    0|
    |mul_16s_16s_32_1_1_U9       |mul_16s_16s_32_1_1      |        0|   1|     0|     6|    0|
    |mul_16s_16s_32_1_1_U10      |mul_16s_16s_32_1_1      |        0|   1|     0|     6|    0|
    |mul_16s_16s_32_1_1_U11      |mul_16s_16s_32_1_1      |        0|   1|     0|     6|    0|
    |mul_16s_16s_32_1_1_U12      |mul_16s_16s_32_1_1      |        0|   1|     0|     6|    0|
    |mul_24s_24s_46_1_1_U1       |mul_24s_24s_46_1_1      |        0|   2|     0|    40|    0|
    |mul_24s_24s_46_1_1_U2       |mul_24s_24s_46_1_1      |        0|   2|     0|    40|    0|
    |sdiv_52ns_37ns_19_56_1_U13  |sdiv_52ns_37ns_19_56_1  |        0|   0|  5831|  4456|    0|
    +----------------------------+------------------------+---------+----+------+------+-----+
    |Total                       |                        |        0|  14|  5831|  4596|    0|
    +----------------------------+------------------------+---------+----+------+------+-----+

    * DSP: 
    +-----------------------------------+-------------------------------+--------------+
    |              Instance             |             Module            |  Expression  |
    +-----------------------------------+-------------------------------+--------------+
    |mac_muladd_16s_16s_32s_33_4_1_U14  |mac_muladd_16s_16s_32s_33_4_1  |  i0 + i1 * i2|
    |mac_muladd_16s_16s_32s_33_4_1_U15  |mac_muladd_16s_16s_32s_33_4_1  |  i0 + i1 * i2|
    |mac_mulsub_16s_16s_32s_32_4_1_U16  |mac_mulsub_16s_16s_32s_32_4_1  |  i0 - i1 * i2|
    |mac_mulsub_16s_16s_32s_32_4_1_U17  |mac_mulsub_16s_16s_32s_32_4_1  |  i0 - i1 * i2|
    +-----------------------------------+-------------------------------+--------------+

    * Memory: 
    N/A

    * FIFO: 
    N/A

    * Expression: 
    +---------------------------------------+----------+----+---+----+------------+------------+
    |             Variable Name             | Operation| DSP| FF| LUT| Bitwidth P0| Bitwidth P1|
    +---------------------------------------+----------+----+---+----+------------+------------+
    |add_ln104_2_fu_826_p2                  |         +|   0|  0|  48|          41|          41|
    |add_ln105_fu_937_p2                    |         +|   0|  0|  48|          41|          41|
    |add_ln107_1_fu_748_p2                  |         +|   0|  0|  20|          13|          13|
    |add_ln107_fu_752_p2                    |         +|   0|  0|  40|          33|          33|
    |add_ln108_1_fu_644_p2                  |         +|   0|  0|  20|          13|          13|
    |add_ln108_fu_648_p2                    |         +|   0|  0|  40|          33|          33|
    |add_ln109_1_fu_692_p2                  |         +|   0|  0|  20|          13|          13|
    |add_ln109_fu_696_p2                    |         +|   0|  0|  40|          33|          33|
    |add_ln110_fu_793_p2                    |         +|   0|  0|  29|          22|          22|
    |add_ln111_1_fu_724_p2                  |         +|   0|  0|  35|          28|          28|
    |add_ln111_fu_799_p2                    |         +|   0|  0|  28|          28|          28|
    |add_ln124_fu_910_p2                    |         +|   0|  0|  36|          29|          29|
    |d_fu_413_p2                            |         +|   0|  0|  38|          31|           1|
    |e_mid_fu_680_p2                        |         +|   0|  0|  28|          21|          21|
    |i_in_1_fu_453_p2                       |         +|   0|  0|  39|          32|           1|
    |i_mid_1_fu_496_p2                      |         +|   0|  0|  39|          32|           1|
    |i_out_1_fu_477_p2                      |         +|   0|  0|  39|          32|           1|
    |num_fu_1019_p2                         |         +|   0|  0|  43|          36|          36|
    |p_im_3_fu_956_p2                       |         +|   0|  0|  35|          28|          28|
    |p_re_3_fu_845_p2                       |         +|   0|  0|  35|          28|          28|
    |r1_2_fu_863_p2                         |         +|   0|  0|  28|          28|          28|
    |e_out_fu_854_p2                        |         -|   0|  0|  28|          28|          28|
    |r2_2_fu_804_p2                         |         -|   0|  0|  28|          28|          28|
    |sub_ln104_fu_730_p2                    |         -|   0|  0|  40|          33|          33|
    |sub_ln105_2_fu_885_p2                  |         -|   0|  0|  40|          33|          33|
    |ap_block_pp0_stage1_11001_grp1         |       and|   0|  0|   2|           1|           1|
    |ap_block_state2_pp0_stage1_iter0_grp1  |       and|   0|  0|   2|           1|           1|
    |ap_condition_1509                      |       and|   0|  0|   2|           1|           1|
    |ap_condition_425                       |       and|   0|  0|   2|           1|           1|
    |ap_predicate_op117_read_state2         |       and|   0|  0|   2|           1|           1|
    |icmp_ln133_fu_1014_p2                  |      icmp|   0|  0|  43|          36|           1|
    |icmp_ln137_fu_1057_p2                  |      icmp|   0|  0|  31|          24|          24|
    |icmp_ln19_1_fu_502_p2                  |      icmp|   0|  0|  39|          32|          32|
    |icmp_ln19_2_fu_515_p2                  |      icmp|   0|  0|  39|          32|          32|
    |icmp_ln19_fu_483_p2                    |      icmp|   0|  0|  39|          32|          32|
    |icmp_ln91_fu_407_p2                    |      icmp|   0|  0|  39|          32|          32|
    |icmp_ln94_fu_419_p2                    |      icmp|   0|  0|  38|          31|           1|
    |or_ln137_fu_1063_p2                    |        or|   0|  0|   2|           1|           1|
    |bd_4_fu_1076_p3                        |    select|   0|  0|  32|           1|          32|
    |bm_2_fu_1068_p3                        |    select|   0|  0|  24|           1|          24|
    |i_in_2_fu_519_p3                       |    select|   0|  0|  32|           1|           1|
    |i_mid_2_fu_507_p3                      |    select|   0|  0|  32|           1|           1|
    |i_out_2_fu_488_p3                      |    select|   0|  0|  32|           1|           1|
    |select_ln107_fu_785_p3                 |    select|   0|  0|   2|           1|           2|
    |ap_enable_pp0                          |       xor|   0|  0|   2|           1|           2|
    +---------------------------------------+----------+----+---+----+------------+------------+
    |Total                                  |          |   0|  0|1300|         949|         817|
    +---------------------------------------+----------+----+---+----+------------+------------+

    * Multiplexer: 
    +---------------------------------------+----+-----------+-----+-----------+
    |                  Name                 | LUT| Input Size| Bits| Total Bits|
    +---------------------------------------+----+-----------+-----+-----------+
    |ap_NS_fsm                              |  21|          5|    1|          5|
    |ap_done_int                            |   9|          2|    1|          2|
    |ap_enable_reg_pp0_iter0                |   9|          2|    1|          2|
    |ap_enable_reg_pp0_iter1                |   9|          2|    1|          2|
    |ap_enable_reg_pp0_iter17               |   9|          2|    1|          2|
    |ap_loop_exit_ready_pp0_iter10_reg      |   9|          2|    1|          2|
    |ap_loop_exit_ready_pp0_iter11_reg      |   9|          2|    1|          2|
    |ap_loop_exit_ready_pp0_iter12_reg      |   9|          2|    1|          2|
    |ap_loop_exit_ready_pp0_iter13_reg      |   9|          2|    1|          2|
    |ap_loop_exit_ready_pp0_iter14_reg      |   9|          2|    1|          2|
    |ap_loop_exit_ready_pp0_iter15_reg      |   9|          2|    1|          2|
    |ap_loop_exit_ready_pp0_iter16_reg      |   9|          2|    1|          2|
    |ap_loop_exit_ready_pp0_iter1_reg       |   9|          2|    1|          2|
    |ap_loop_exit_ready_pp0_iter2_reg       |   9|          2|    1|          2|
    |ap_loop_exit_ready_pp0_iter3_reg       |   9|          2|    1|          2|
    |ap_loop_exit_ready_pp0_iter4_reg       |   9|          2|    1|          2|
    |ap_loop_exit_ready_pp0_iter5_reg       |   9|          2|    1|          2|
    |ap_loop_exit_ready_pp0_iter6_reg       |   9|          2|    1|          2|
    |ap_loop_exit_ready_pp0_iter7_reg       |   9|          2|    1|          2|
    |ap_loop_exit_ready_pp0_iter8_reg       |   9|          2|    1|          2|
    |ap_loop_exit_ready_pp0_iter9_reg       |   9|          2|    1|          2|
    |ap_phi_mux_metric_2_phi_fu_316_p4      |   9|          2|   24|         48|
    |ap_phi_reg_pp0_iter3_metric_2_reg_312  |   9|          2|   24|         48|
    |ap_sig_allocacmp_bd_3                  |   9|          2|   31|         62|
    |bd_1_fu_146                            |   9|          2|   31|         62|
    |bd_fu_142                              |   9|          2|   32|         64|
    |bm_fu_138                              |   9|          2|   24|         48|
    |buf_i_address1_local                   |  13|          3|    9|         27|
    |buf_q_address1_local                   |  13|          3|    9|         27|
    |grp_fu_323_p0                          |  13|          3|   24|         72|
    |grp_fu_323_p1                          |  13|          3|   24|         72|
    |i_in_fu_166                            |   9|          2|   32|         64|
    |i_mid_fu_170                           |   9|          2|   32|         64|
    |i_out_fu_174                           |   9|          2|   32|         64|
    |iq_in_TDATA_blk_n                      |   9|          2|    1|          2|
    |p_im_1_fu_158                          |   9|          2|   28|         56|
    |p_re_1_fu_162                          |   9|          2|   28|         56|
    |r1_1_fu_154                            |   9|          2|   28|         56|
    |r2_1_fu_150                            |   9|          2|   28|         56|
    +---------------------------------------+----+-----------+-----+-----------+
    |Total                                  | 379|         85|  462|        993|
    +---------------------------------------+----+-----------+-----+-----------+

    * Register: 
    +-------------------------------------------+----+----+-----+-----------+
    |                    Name                   | FF | LUT| Bits| Const Bits|
    +-------------------------------------------+----+----+-----+-----------+
    |add_ln104_reg_1393                         |  33|   0|   33|          0|
    |add_ln110_reg_1454                         |  22|   0|   22|          0|
    |add_ln111_1_reg_1434                       |  28|   0|   28|          0|
    |ap_CS_fsm                                  |   4|   0|    4|          0|
    |ap_block_pp0_stage1_subdone_grp0_done_reg  |   1|   0|    1|          0|
    |ap_done_reg                                |   1|   0|    1|          0|
    |ap_enable_reg_pp0_iter0_reg                |   1|   0|    1|          0|
    |ap_enable_reg_pp0_iter1                    |   1|   0|    1|          0|
    |ap_enable_reg_pp0_iter10                   |   1|   0|    1|          0|
    |ap_enable_reg_pp0_iter11                   |   1|   0|    1|          0|
    |ap_enable_reg_pp0_iter12                   |   1|   0|    1|          0|
    |ap_enable_reg_pp0_iter13                   |   1|   0|    1|          0|
    |ap_enable_reg_pp0_iter14                   |   1|   0|    1|          0|
    |ap_enable_reg_pp0_iter15                   |   1|   0|    1|          0|
    |ap_enable_reg_pp0_iter16                   |   1|   0|    1|          0|
    |ap_enable_reg_pp0_iter17                   |   1|   0|    1|          0|
    |ap_enable_reg_pp0_iter2                    |   1|   0|    1|          0|
    |ap_enable_reg_pp0_iter3                    |   1|   0|    1|          0|
    |ap_enable_reg_pp0_iter4                    |   1|   0|    1|          0|
    |ap_enable_reg_pp0_iter5                    |   1|   0|    1|          0|
    |ap_enable_reg_pp0_iter6                    |   1|   0|    1|          0|
    |ap_enable_reg_pp0_iter7                    |   1|   0|    1|          0|
    |ap_enable_reg_pp0_iter8                    |   1|   0|    1|          0|
    |ap_enable_reg_pp0_iter9                    |   1|   0|    1|          0|
    |ap_loop_exit_ready_pp0_iter10_reg          |   1|   0|    1|          0|
    |ap_loop_exit_ready_pp0_iter11_reg          |   1|   0|    1|          0|
    |ap_loop_exit_ready_pp0_iter12_reg          |   1|   0|    1|          0|
    |ap_loop_exit_ready_pp0_iter13_reg          |   1|   0|    1|          0|
    |ap_loop_exit_ready_pp0_iter14_reg          |   1|   0|    1|          0|
    |ap_loop_exit_ready_pp0_iter15_reg          |   1|   0|    1|          0|
    |ap_loop_exit_ready_pp0_iter16_reg          |   1|   0|    1|          0|
    |ap_loop_exit_ready_pp0_iter1_reg           |   1|   0|    1|          0|
    |ap_loop_exit_ready_pp0_iter2_reg           |   1|   0|    1|          0|
    |ap_loop_exit_ready_pp0_iter3_reg           |   1|   0|    1|          0|
    |ap_loop_exit_ready_pp0_iter4_reg           |   1|   0|    1|          0|
    |ap_loop_exit_ready_pp0_iter5_reg           |   1|   0|    1|          0|
    |ap_loop_exit_ready_pp0_iter6_reg           |   1|   0|    1|          0|
    |ap_loop_exit_ready_pp0_iter7_reg           |   1|   0|    1|          0|
    |ap_loop_exit_ready_pp0_iter8_reg           |   1|   0|    1|          0|
    |ap_loop_exit_ready_pp0_iter9_reg           |   1|   0|    1|          0|
    |ap_phi_reg_pp0_iter10_metric_2_reg_312     |  24|   0|   24|          0|
    |ap_phi_reg_pp0_iter11_metric_2_reg_312     |  24|   0|   24|          0|
    |ap_phi_reg_pp0_iter12_metric_2_reg_312     |  24|   0|   24|          0|
    |ap_phi_reg_pp0_iter13_metric_2_reg_312     |  24|   0|   24|          0|
    |ap_phi_reg_pp0_iter14_metric_2_reg_312     |  24|   0|   24|          0|
    |ap_phi_reg_pp0_iter15_metric_2_reg_312     |  24|   0|   24|          0|
    |ap_phi_reg_pp0_iter16_metric_2_reg_312     |  24|   0|   24|          0|
    |ap_phi_reg_pp0_iter17_metric_2_reg_312     |  24|   0|   24|          0|
    |ap_phi_reg_pp0_iter1_metric_2_reg_312      |  24|   0|   24|          0|
    |ap_phi_reg_pp0_iter2_metric_2_reg_312      |  24|   0|   24|          0|
    |ap_phi_reg_pp0_iter3_metric_2_reg_312      |  24|   0|   24|          0|
    |ap_phi_reg_pp0_iter4_metric_2_reg_312      |  24|   0|   24|          0|
    |ap_phi_reg_pp0_iter5_metric_2_reg_312      |  24|   0|   24|          0|
    |ap_phi_reg_pp0_iter6_metric_2_reg_312      |  24|   0|   24|          0|
    |ap_phi_reg_pp0_iter7_metric_2_reg_312      |  24|   0|   24|          0|
    |ap_phi_reg_pp0_iter8_metric_2_reg_312      |  24|   0|   24|          0|
    |ap_phi_reg_pp0_iter9_metric_2_reg_312      |  24|   0|   24|          0|
    |bd_1_fu_146                                |  31|   0|   31|          0|
    |bd_fu_142                                  |  32|   0|   32|          0|
    |bm_fu_138                                  |  24|   0|   24|          0|
    |den_reg_1484                               |  36|   0|   36|          0|
    |e_mid_reg_1423                             |  21|   0|   21|          0|
    |i_in_1_reg_1232                            |  32|   0|   32|          0|
    |i_in_fu_166                                |  32|   0|   32|          0|
    |i_mid_2_reg_1263                           |  32|   0|   32|          0|
    |i_mid_fu_170                               |  32|   0|   32|          0|
    |i_out_2_reg_1258                           |  32|   0|   32|          0|
    |i_out_fu_174                               |  32|   0|   32|          0|
    |icmp_ln133_reg_1495                        |   1|   0|    1|          0|
    |icmp_ln91_reg_1213                         |   1|   0|    1|          0|
    |icmp_ln94_reg_1217                         |   1|   0|    1|          0|
    |m_q_reg_1278                               |  16|   0|   16|          0|
    |mul_ln104_1_reg_1314                       |  32|   0|   32|          0|
    |mul_ln104_3_reg_1333                       |  32|   0|   32|          0|
    |mul_ln105_2_reg_1343                       |  32|   0|   32|          0|
    |mul_ln105_reg_1338                         |  32|   0|   32|          0|
    |mul_ln107_1_reg_1413                       |  32|   0|   32|          0|
    |mul_ln107_reg_1403                         |  32|   0|   32|          0|
    |mul_ln108_1_reg_1363                       |  32|   0|   32|          0|
    |mul_ln108_reg_1353                         |  32|   0|   32|          0|
    |mul_ln109_1_reg_1383                       |  32|   0|   32|          0|
    |mul_ln109_reg_1373                         |  32|   0|   32|          0|
    |num_reg_1499                               |  36|   0|   36|          0|
    |o_i_reg_1268                               |  16|   0|   16|          0|
    |o_q_reg_1273                               |  16|   0|   16|          0|
    |p_im_1_fu_158                              |  28|   0|   28|          0|
    |p_re_1_fu_162                              |  28|   0|   28|          0|
    |r1_1_fu_154                                |  28|   0|   28|          0|
    |r2_1_fu_150                                |  28|   0|   28|          0|
    |rn_reg_1474                                |  24|   0|   24|          0|
    |s_i_reg_1222                               |  16|   0|   16|          0|
    |s_q_reg_1227                               |  16|   0|   16|          0|
    |sdiv_ln134_reg_1514                        |  19|   0|   19|          0|
    |sext_ln104_1_reg_1293                      |  32|   0|   32|          0|
    |sext_ln104_2_reg_1301                      |  32|   0|   32|          0|
    |sext_ln104_3_reg_1308                      |  32|   0|   32|          0|
    |sext_ln104_6_reg_1319                      |  32|   0|   32|          0|
    |sext_ln104_7_reg_1326                      |  32|   0|   32|          0|
    |sext_ln104_reg_1283                        |  32|   0|   32|          0|
    |sub_ln104_reg_1439                         |  33|   0|   33|          0|
    |sub_ln105_2_reg_1464                       |  33|   0|   33|          0|
    |sub_ln105_reg_1459                         |  32|   0|   32|          0|
    |tmp_1_reg_1444                             |   1|   0|    1|          0|
    |tmp_2_reg_1469                             |   1|   0|    1|          0|
    |tmp_6_reg_1429                             |  20|   0|   20|          0|
    |tmp_s_reg_1449                             |  20|   0|   20|          0|
    |trunc_ln107_1_reg_1418                     |  13|   0|   13|          0|
    |trunc_ln107_reg_1408                       |  13|   0|   13|          0|
    |trunc_ln108_1_reg_1368                     |  13|   0|   13|          0|
    |trunc_ln108_reg_1358                       |  13|   0|   13|          0|
    |trunc_ln109_1_reg_1388                     |  13|   0|   13|          0|
    |trunc_ln109_reg_1378                       |  13|   0|   13|          0|
    |trunc_ln126_1_reg_1490                     |  36|   0|   36|          0|
    |trunc_ln6_reg_1479                         |  36|   0|   36|          0|
    |zext_ln91_reg_1208                         |  31|   0|   32|          1|
    |icmp_ln133_reg_1495                        |  64|  32|    1|          0|
    |icmp_ln91_reg_1213                         |  64|  32|    1|          0|
    |icmp_ln94_reg_1217                         |  64|  32|    1|          0|
    |zext_ln91_reg_1208                         |  64|  32|   32|          1|
    +-------------------------------------------+----+----+-----+-----------+
    |Total                                      |2230| 128| 2010|          2|
    +-------------------------------------------+----+----+-----+-----------+



================================================================
== Interface
================================================================
* Summary: 
+----------------+-----+-----+------------+------------------------+--------------+
|    RTL Ports   | Dir | Bits|  Protocol  |      Source Object     |    C Type    |
+----------------+-----+-----+------------+------------------------+--------------+
|ap_clk          |   in|    1|  ap_ctrl_hs|  sc_sync_Pipeline_SLIDE|  return value|
|ap_rst          |   in|    1|  ap_ctrl_hs|  sc_sync_Pipeline_SLIDE|  return value|
|ap_start        |   in|    1|  ap_ctrl_hs|  sc_sync_Pipeline_SLIDE|  return value|
|ap_done         |  out|    1|  ap_ctrl_hs|  sc_sync_Pipeline_SLIDE|  return value|
|ap_idle         |  out|    1|  ap_ctrl_hs|  sc_sync_Pipeline_SLIDE|  return value|
|ap_ready        |  out|    1|  ap_ctrl_hs|  sc_sync_Pipeline_SLIDE|  return value|
|L               |   in|   32|     ap_none|                       L|        scalar|
|empty           |   in|   32|     ap_none|                   empty|        scalar|
|p_re            |   in|   28|     ap_none|                    p_re|        scalar|
|p_im            |   in|   28|     ap_none|                    p_im|        scalar|
|r1              |   in|   28|     ap_none|                      r1|        scalar|
|r2              |   in|   28|     ap_none|                      r2|        scalar|
|n_candidates    |   in|   32|     ap_none|            n_candidates|        scalar|
|iq_in_TDATA     |   in|   32|        axis|                   iq_in|       pointer|
|iq_in_TVALID    |   in|    1|        axis|                   iq_in|       pointer|
|iq_in_TREADY    |  out|    1|        axis|                   iq_in|       pointer|
|span            |   in|   32|     ap_none|                    span|        scalar|
|bd_out          |  out|   32|      ap_vld|                  bd_out|       pointer|
|bd_out_ap_vld   |  out|    1|      ap_vld|                  bd_out|       pointer|
|bm_out          |  out|   24|      ap_vld|                  bm_out|       pointer|
|bm_out_ap_vld   |  out|    1|      ap_vld|                  bm_out|       pointer|
|buf_i_address0  |  out|    9|   ap_memory|                   buf_i|         array|
|buf_i_ce0       |  out|    1|   ap_memory|                   buf_i|         array|
|buf_i_q0        |   in|   16|   ap_memory|                   buf_i|         array|
|buf_i_address1  |  out|    9|   ap_memory|                   buf_i|         array|
|buf_i_ce1       |  out|    1|   ap_memory|                   buf_i|         array|
|buf_i_we1       |  out|    1|   ap_memory|                   buf_i|         array|
|buf_i_d1        |  out|   16|   ap_memory|                   buf_i|         array|
|buf_i_q1        |   in|   16|   ap_memory|                   buf_i|         array|
|buf_q_address0  |  out|    9|   ap_memory|                   buf_q|         array|
|buf_q_ce0       |  out|    1|   ap_memory|                   buf_q|         array|
|buf_q_q0        |   in|   16|   ap_memory|                   buf_q|         array|
|buf_q_address1  |  out|    9|   ap_memory|                   buf_q|         array|
|buf_q_ce1       |  out|    1|   ap_memory|                   buf_q|         array|
|buf_q_we1       |  out|    1|   ap_memory|                   buf_q|         array|
|buf_q_d1        |  out|   16|   ap_memory|                   buf_q|         array|
|buf_q_q1        |   in|   16|   ap_memory|                   buf_q|         array|
+----------------+-----+-----+------------+------------------------+--------------+

